Archive member included because of file (symbol)

e:/programy/programowanie/truestudio for arm lite 5.3.0/armtools/bin/../lib/gcc/arm-atollic-eabi/4.8.3/../../../../arm-atollic-eabi/lib/armv7e-m/fpu\libc_s.a(lib_a-init.o)
                              src\startup_stm32f429x.o (__libc_init_array)
e:/programy/programowanie/truestudio for arm lite 5.3.0/armtools/bin/../lib/gcc/arm-atollic-eabi/4.8.3/../../../../arm-atollic-eabi/lib/armv7e-m/fpu\libc_s.a(lib_a-malloc.o)
                              src\TM_lib\tm_stm32f4_delay.o (malloc)
e:/programy/programowanie/truestudio for arm lite 5.3.0/armtools/bin/../lib/gcc/arm-atollic-eabi/4.8.3/../../../../arm-atollic-eabi/lib/armv7e-m/fpu\libc_s.a(lib_a-nano-freer.o)
                              e:/programy/programowanie/truestudio for arm lite 5.3.0/armtools/bin/../lib/gcc/arm-atollic-eabi/4.8.3/../../../../arm-atollic-eabi/lib/armv7e-m/fpu\libc_s.a(lib_a-malloc.o) (_free_r)
e:/programy/programowanie/truestudio for arm lite 5.3.0/armtools/bin/../lib/gcc/arm-atollic-eabi/4.8.3/../../../../arm-atollic-eabi/lib/armv7e-m/fpu\libc_s.a(lib_a-nano-mallocr.o)
                              e:/programy/programowanie/truestudio for arm lite 5.3.0/armtools/bin/../lib/gcc/arm-atollic-eabi/4.8.3/../../../../arm-atollic-eabi/lib/armv7e-m/fpu\libc_s.a(lib_a-malloc.o) (_malloc_r)
e:/programy/programowanie/truestudio for arm lite 5.3.0/armtools/bin/../lib/gcc/arm-atollic-eabi/4.8.3/../../../../arm-atollic-eabi/lib/armv7e-m/fpu\libc_s.a(lib_a-sbrkr.o)
                              e:/programy/programowanie/truestudio for arm lite 5.3.0/armtools/bin/../lib/gcc/arm-atollic-eabi/4.8.3/../../../../arm-atollic-eabi/lib/armv7e-m/fpu\libc_s.a(lib_a-nano-mallocr.o) (_sbrk_r)
e:/programy/programowanie/truestudio for arm lite 5.3.0/armtools/bin/../lib/gcc/arm-atollic-eabi/4.8.3/../../../../arm-atollic-eabi/lib/armv7e-m/fpu\libc_s.a(lib_a-strlen.o)
                              src\tiny_printf.o (strlen)
e:/programy/programowanie/truestudio for arm lite 5.3.0/armtools/bin/../lib/gcc/arm-atollic-eabi/4.8.3/../../../../arm-atollic-eabi/lib/armv7e-m/fpu\libc_s.a(lib_a-syscalls.o)
                              src\tiny_printf.o (_write)
e:/programy/programowanie/truestudio for arm lite 5.3.0/armtools/bin/../lib/gcc/arm-atollic-eabi/4.8.3/../../../../arm-atollic-eabi/lib/armv7e-m/fpu\libc_s.a(lib_a-impure.o)
                              e:/programy/programowanie/truestudio for arm lite 5.3.0/armtools/bin/../lib/gcc/arm-atollic-eabi/4.8.3/../../../../arm-atollic-eabi/lib/armv7e-m/fpu\libc_s.a(lib_a-malloc.o) (_impure_ptr)
e:/programy/programowanie/truestudio for arm lite 5.3.0/armtools/bin/../lib/gcc/arm-atollic-eabi/4.8.3/../../../../arm-atollic-eabi/lib/armv7e-m/fpu\libc_s.a(lib_a-reent.o)
                              e:/programy/programowanie/truestudio for arm lite 5.3.0/armtools/bin/../lib/gcc/arm-atollic-eabi/4.8.3/../../../../arm-atollic-eabi/lib/armv7e-m/fpu\libc_s.a(lib_a-sbrkr.o) (errno)

Allocating common symbols
Common symbol       size              file

LCD_CacheBuffer_yptr_bottom_bak
                    0x2               Utilities\Common\lcd_log.o
ch3_s               0x4               src\main.o
LCD_CacheBuffer_yptr_top_bak
                    0x2               Utilities\Common\lcd_log.o
sEEDMA_InitStructure
                    0x3c              Utilities\STM32F429I-Discovery\stm32f429i_discovery.o
x_pr                0x4               src\main.o
counter3            0x4               src\main.o
errno               0x4               e:/programy/programowanie/truestudio for arm lite 5.3.0/armtools/bin/../lib/gcc/arm-atollic-eabi/4.8.3/../../../../arm-atollic-eabi/lib/armv7e-m/fpu\libc_s.a(lib_a-reent.o)
sEEDataWritePointer
                    0x4               Utilities\STM32F429I-Discovery\stm32f429i_discovery_i2c_ee.o
krok                0x4               src\main.o
ILI9341_x           0x2               src\TM_lib\tm_stm32f4_ili9341.o
LCD_CacheBuffer_yptr_bottom
                    0x2               Utilities\Common\lcd_log.o
sEEDataNum          0x1               Utilities\STM32F429I-Discovery\stm32f429i_discovery_i2c_ee.o
ch1_v               0x4               src\main.o
counter1            0x4               src\main.o
LCD_CacheBuffer_xptr
                    0x2               Utilities\Common\lcd_log.o
ch1_k               0x4               src\main.o
LCD_CacheBuffer_yptr_invert
                    0x1               Utilities\Common\lcd_log.o
y_dir               0x4               src\main.o
i                   0x4               src\main.o
LCD_Lock            0x1               Utilities\Common\lcd_log.o
ILI9341_Opts        0x6               src\TM_lib\tm_stm32f4_ili9341.o
ch1_s               0x4               src\main.o
LCD_Scrolled        0x1               Utilities\Common\lcd_log.o
num                 0x4               src\main.o
LCD_CacheBuffer_yptr_top
                    0x2               Utilities\Common\lcd_log.o
x_dir               0x4               src\main.o
[...]
Memory Configuration

Name             Origin             Length             Attributes
FLASH            0x08000000         0x00200000         xr
RAM              0x20000000         0x00030000         xrw
MEMORY_B1        0x60000000         0x00000000         xr
CCMRAM           0x10000000         0x00010000         rw
*default*        0x00000000         0xffffffff

Linker script and memory map

LOAD e:/programy/programowanie/truestudio for arm lite 5.3.0/armtools/bin/../lib/gcc/arm-atollic-eabi/4.8.3/armv7e-m/fpu/crti.o
LOAD e:/programy/programowanie/truestudio for arm lite 5.3.0/armtools/bin/../lib/gcc/arm-atollic-eabi/4.8.3/armv7e-m/fpu/crtbegin.o
LOAD src\tiny_printf.o
LOAD src\system_stm32f4xx.o
LOAD src\stm32f4xx_it.o
LOAD src\startup_stm32f429x.o
LOAD src\main.o
LOAD src\fun.o
LOAD src\TM_lib\tm_stm32f4_stmpe811.o
LOAD src\TM_lib\tm_stm32f4_spi_dma.o
LOAD src\TM_lib\tm_stm32f4_spi.o
LOAD src\TM_lib\tm_stm32f4_ili9341.o
LOAD src\TM_lib\tm_stm32f4_i2c.o
LOAD src\TM_lib\tm_stm32f4_gpio.o
LOAD src\TM_lib\tm_stm32f4_fonts.o
LOAD src\TM_lib\tm_stm32f4_dma.o
LOAD src\TM_lib\tm_stm32f4_delay.o
LOAD Utilities\STM32F429I-Discovery\stm32f429i_discovery_sdram.o
LOAD Utilities\STM32F429I-Discovery\stm32f429i_discovery_lcd.o
LOAD Utilities\STM32F429I-Discovery\stm32f429i_discovery_l3gd20.o
LOAD Utilities\STM32F429I-Discovery\stm32f429i_discovery_ioe.o
LOAD Utilities\STM32F429I-Discovery\stm32f429i_discovery_i2c_ee.o
LOAD Utilities\STM32F429I-Discovery\stm32f429i_discovery.o
LOAD Utilities\Common\lcd_log.o
LOAD Utilities\Common\fonts.o
LOAD Libraries\STM32F4xx_StdPeriph_Driver\src\stm32f4xx_wwdg.o
LOAD Libraries\STM32F4xx_StdPeriph_Driver\src\stm32f4xx_usart.o
LOAD Libraries\STM32F4xx_StdPeriph_Driver\src\stm32f4xx_tim.o
LOAD Libraries\STM32F4xx_StdPeriph_Driver\src\stm32f4xx_syscfg.o
LOAD Libraries\STM32F4xx_StdPeriph_Driver\src\stm32f4xx_spi.o
LOAD Libraries\STM32F4xx_StdPeriph_Driver\src\stm32f4xx_sdio.o
LOAD Libraries\STM32F4xx_StdPeriph_Driver\src\stm32f4xx_sai.o
LOAD Libraries\STM32F4xx_StdPeriph_Driver\src\stm32f4xx_rtc.o
LOAD Libraries\STM32F4xx_StdPeriph_Driver\src\stm32f4xx_rng.o
LOAD Libraries\STM32F4xx_StdPeriph_Driver\src\stm32f4xx_rcc.o
LOAD Libraries\STM32F4xx_StdPeriph_Driver\src\stm32f4xx_pwr.o
LOAD Libraries\STM32F4xx_StdPeriph_Driver\src\stm32f4xx_ltdc.o
LOAD Libraries\STM32F4xx_StdPeriph_Driver\src\stm32f4xx_iwdg.o
LOAD Libraries\STM32F4xx_StdPeriph_Driver\src\stm32f4xx_i2c.o
LOAD Libraries\STM32F4xx_StdPeriph_Driver\src\stm32f4xx_hash_sha1.o
LOAD Libraries\STM32F4xx_StdPeriph_Driver\src\stm32f4xx_hash_md5.o
LOAD Libraries\STM32F4xx_StdPeriph_Driver\src\stm32f4xx_hash.o
LOAD Libraries\STM32F4xx_StdPeriph_Driver\src\stm32f4xx_gpio.o
LOAD Libraries\STM32F4xx_StdPeriph_Driver\src\stm32f4xx_fmc.o
LOAD Libraries\STM32F4xx_StdPeriph_Driver\src\stm32f4xx_flash.o
LOAD Libraries\STM32F4xx_StdPeriph_Driver\src\stm32f4xx_exti.o
LOAD Libraries\STM32F4xx_StdPeriph_Driver\src\stm32f4xx_dma2d.o
LOAD Libraries\STM32F4xx_StdPeriph_Driver\src\stm32f4xx_dma.o
LOAD Libraries\STM32F4xx_StdPeriph_Driver\src\stm32f4xx_dcmi.o
LOAD Libraries\STM32F4xx_StdPeriph_Driver\src\stm32f4xx_dbgmcu.o
LOAD Libraries\STM32F4xx_StdPeriph_Driver\src\stm32f4xx_dac.o
LOAD Libraries\STM32F4xx_StdPeriph_Driver\src\stm32f4xx_cryp_tdes.o
LOAD Libraries\STM32F4xx_StdPeriph_Driver\src\stm32f4xx_cryp_des.o
LOAD Libraries\STM32F4xx_StdPeriph_Driver\src\stm32f4xx_cryp_aes.o
LOAD Libraries\STM32F4xx_StdPeriph_Driver\src\stm32f4xx_cryp.o
LOAD Libraries\STM32F4xx_StdPeriph_Driver\src\stm32f4xx_crc.o
LOAD Libraries\STM32F4xx_StdPeriph_Driver\src\stm32f4xx_can.o
LOAD Libraries\STM32F4xx_StdPeriph_Driver\src\stm32f4xx_adc.o
LOAD Libraries\STM32F4xx_StdPeriph_Driver\src\misc.o
START GROUP
LOAD e:/programy/programowanie/truestudio for arm lite 5.3.0/armtools/bin/../lib/gcc/arm-atollic-eabi/4.8.3/../../../../arm-atollic-eabi/lib/armv7e-m/fpu\libc_s.a
LOAD e:/programy/programowanie/truestudio for arm lite 5.3.0/armtools/bin/../lib/gcc/arm-atollic-eabi/4.8.3/../../../../arm-atollic-eabi/lib/armv7e-m/fpu\libm.a
END GROUP
                0x00001000                malloc_getpagesize_P = 0x1000
START GROUP
LOAD e:/programy/programowanie/truestudio for arm lite 5.3.0/armtools/bin/../lib/gcc/arm-atollic-eabi/4.8.3/armv7e-m/fpu\libgcc.a
LOAD e:/programy/programowanie/truestudio for arm lite 5.3.0/armtools/bin/../lib/gcc/arm-atollic-eabi/4.8.3/../../../../arm-atollic-eabi/lib/armv7e-m/fpu\libc.a
END GROUP
LOAD e:/programy/programowanie/truestudio for arm lite 5.3.0/armtools/bin/../lib/gcc/arm-atollic-eabi/4.8.3/armv7e-m/fpu/crtend.o
LOAD e:/programy/programowanie/truestudio for arm lite 5.3.0/armtools/bin/../lib/gcc/arm-atollic-eabi/4.8.3/armv7e-m/fpu/crtn.o
                0x20030000                _estack = 0x20030000
                0x00000000                _Min_Heap_Size = 0x0
                0x00000400                _Min_Stack_Size = 0x400

.isr_vector     0x08000000      0x1ac
                0x08000000                . = ALIGN (0x4)
 *(.isr_vector)
 .isr_vector    0x08000000      0x1ac src\startup_stm32f429x.o
                0x08000000                g_pfnVectors
                0x080001ac                . = ALIGN (0x4)

.text           0x080001ac     0x4a00
                0x080001ac                . = ALIGN (0x4)
 *(.text)
 .text          0x080001ac       0x40 e:/programy/programowanie/truestudio for arm lite 5.3.0/armtools/bin/../lib/gcc/arm-atollic-eabi/4.8.3/armv7e-m/fpu/crtbegin.o
 *(.text*)
 .text.SystemInit
                0x080001ec       0x68 src\system_stm32f4xx.o
                0x080001ec                SystemInit
 .text.SetSysClock
                0x08000254       0xf4 src\system_stm32f4xx.o
 .text.NMI_Handler
                0x08000348        0xc src\stm32f4xx_it.o
                0x08000348                NMI_Handler
 .text.HardFault_Handler
                0x08000354        0x8 src\stm32f4xx_it.o
                0x08000354                HardFault_Handler
 .text.MemManage_Handler
                0x0800035c        0x8 src\stm32f4xx_it.o
                0x0800035c                MemManage_Handler
 .text.BusFault_Handler
                0x08000364        0x8 src\stm32f4xx_it.o
                0x08000364                BusFault_Handler
 .text.UsageFault_Handler
                0x0800036c        0x8 src\stm32f4xx_it.o
                0x0800036c                UsageFault_Handler
 .text.SVC_Handler
                0x08000374        0xc src\stm32f4xx_it.o
                0x08000374                SVC_Handler
 .text.DebugMon_Handler
                0x08000380        0xc src\stm32f4xx_it.o
                0x08000380                DebugMon_Handler
 .text.PendSV_Handler
                0x0800038c        0xc src\stm32f4xx_it.o
                0x0800038c                PendSV_Handler
 .text.Reset_Handler
                0x08000398       0x58 src\startup_stm32f429x.o
                0x08000398                Reset_Handler
 .text.Default_Handler
                0x080003f0        0x4 src\startup_stm32f429x.o
                0x080003f0                RTC_Alarm_IRQHandler
                0x080003f0                HASH_RNG_IRQHandler
                0x080003f0                EXTI2_IRQHandler
                0x080003f0                TIM8_CC_IRQHandler
                0x080003f0                UART8_IRQHandler
                0x080003f0                SPI4_IRQHandler
                0x080003f0                TIM1_CC_IRQHandler
                0x080003f0                PVD_IRQHandler
                0x080003f0                SDIO_IRQHandler
                0x080003f0                TAMP_STAMP_IRQHandler
                0x080003f0                CAN2_RX1_IRQHandler
                0x080003f0                EXTI3_IRQHandler
                0x080003f0                TIM8_TRG_COM_TIM14_IRQHandler
                0x080003f0                TIM1_UP_TIM10_IRQHandler
                0x080003f0                TIM8_UP_TIM13_IRQHandler
                0x080003f0                I2C3_ER_IRQHandler
                0x080003f0                EXTI0_IRQHandler
                0x080003f0                I2C2_EV_IRQHandler
                0x080003f0                CAN1_RX0_IRQHandler
                0x080003f0                FPU_IRQHandler
                0x080003f0                OTG_HS_WKUP_IRQHandler
                0x080003f0                LTDC_ER_IRQHandler
                0x080003f0                CAN2_SCE_IRQHandler
                0x080003f0                SPI1_IRQHandler
                0x080003f0                TIM6_DAC_IRQHandler
                0x080003f0                TIM1_BRK_TIM9_IRQHandler
                0x080003f0                DCMI_IRQHandler
                0x080003f0                CAN2_RX0_IRQHandler
                0x080003f0                USART6_IRQHandler
                0x080003f0                USART3_IRQHandler
                0x080003f0                CRYP_IRQHandler
                0x080003f0                CAN1_RX1_IRQHandler
                0x080003f0                UART5_IRQHandler
                0x080003f0                TIM4_IRQHandler
                0x080003f0                I2C1_EV_IRQHandler
                0x080003f0                UART4_IRQHandler
                0x080003f0                RCC_IRQHandler
                0x080003f0                TIM8_BRK_TIM12_IRQHandler
                0x080003f0                Default_Handler
                0x080003f0                EXTI15_10_IRQHandler
                0x080003f0                ADC_IRQHandler
                0x080003f0                SPI5_IRQHandler
                0x080003f0                TIM7_IRQHandler
                0x080003f0                CAN2_TX_IRQHandler
                0x080003f0                TIM5_IRQHandler
                0x080003f0                I2C3_EV_IRQHandler
                0x080003f0                EXTI9_5_IRQHandler
                0x080003f0                RTC_WKUP_IRQHandler
                0x080003f0                LTDC_IRQHandler
                0x080003f0                ETH_WKUP_IRQHandler
                0x080003f0                SPI2_IRQHandler
                0x080003f0                OTG_HS_EP1_IN_IRQHandler
                0x080003f0                CAN1_TX_IRQHandler
                0x080003f0                EXTI4_IRQHandler
                0x080003f0                ETH_IRQHandler
                0x080003f0                OTG_HS_EP1_OUT_IRQHandler
                0x080003f0                WWDG_IRQHandler
                0x080003f0                SPI6_IRQHandler
                0x080003f0                OTG_FS_WKUP_IRQHandler
                0x080003f0                TIM1_TRG_COM_TIM11_IRQHandler
                0x080003f0                OTG_HS_IRQHandler
                0x080003f0                DMA2D_IRQHandler
                0x080003f0                EXTI1_IRQHandler
                0x080003f0                UART7_IRQHandler
                0x080003f0                USART2_IRQHandler
                0x080003f0                I2C2_ER_IRQHandler
                0x080003f0                CAN1_SCE_IRQHandler
                0x080003f0                FLASH_IRQHandler
                0x080003f0                USART1_IRQHandler
                0x080003f0                OTG_FS_IRQHandler
                0x080003f0                SPI3_IRQHandler
                0x080003f0                I2C1_ER_IRQHandler
                0x080003f0                FMC_IRQHandler
                0x080003f0                SAI1_IRQHandler
 .text.Delayms  0x080003f4       0x30 src\main.o
 .text.main     0x08000424      0xd18 src\main.o
                0x08000424                main
 .text.Delayms  0x0800113c       0x30 src\fun.o
 .text.ekran    0x0800116c      0x32c src\fun.o
                0x0800116c                ekran
 .text.TIM2_IRQHandler
                0x08001498       0x30 src\fun.o
                0x08001498                TIM2_IRQHandler
 .text.TIM3_IRQHandler
                0x080014c8       0x4c src\fun.o
                0x080014c8                TIM3_IRQHandler
 .text.tostring
                0x08001514       0xc8 src\fun.o
                0x08001514                tostring
 .text.set_krok
                0x080015dc      0x1cc src\fun.o
                0x080015dc                set_krok
 .text.LED_init
                0x080017a8       0x38 src\fun.o
                0x080017a8                LED_init
 .text.BUTTON_init
                0x080017e0       0x38 src\fun.o
                0x080017e0                BUTTON_init
 .text.TIM_init
                0x08001818       0x90 src\fun.o
                0x08001818                TIM_init
 .text.TIMINT_init
                0x080018a8       0x3c src\fun.o
                0x080018a8                TIMINT_init
 .text.TOUCH_init
                0x080018e4       0x34 src\fun.o
                0x080018e4                TOUCH_init
 .text.WY_init  0x08001918       0xc0 src\fun.o
                0x08001918                WY_init
 .text.sEE_TIMEOUT_UserCallback
                0x080019d8        0x8 src\fun.o
                0x080019d8                sEE_TIMEOUT_UserCallback
 .text.Delayms  0x080019e0       0x30 src\TM_lib\tm_stm32f4_stmpe811.o
 .text.TM_STMPE811_Init
                0x08001a10      0x170 src\TM_lib\tm_stm32f4_stmpe811.o
                0x08001a10                TM_STMPE811_Init
 .text.TM_STMPE811_Read
                0x08001b80       0x24 src\TM_lib\tm_stm32f4_stmpe811.o
                0x08001b80                TM_STMPE811_Read
 .text.TM_STMPE811_ReadTouch
                0x08001ba4      0x1a4 src\TM_lib\tm_stm32f4_stmpe811.o
                0x08001ba4                TM_STMPE811_ReadTouch
 .text.TM_STMPE811_ReadX
                0x08001d48       0xbc src\TM_lib\tm_stm32f4_stmpe811.o
                0x08001d48                TM_STMPE811_ReadX
 .text.TM_STMPE811_ReadY
                0x08001e04       0xa0 src\TM_lib\tm_stm32f4_stmpe811.o
                0x08001e04                TM_STMPE811_ReadY
 .text.TM_SPI_DMA_Init
                0x08001ea4       0xa0 src\TM_lib\tm_stm32f4_spi_dma.o
                0x08001ea4                TM_SPI_DMA_Init
 .text.TM_SPI_DMA_SendHalfWord
                0x08001f44       0xb0 src\TM_lib\tm_stm32f4_spi_dma.o
                0x08001f44                TM_SPI_DMA_SendHalfWord
 .text.TM_SPI_DMA_Working
                0x08001ff4       0x50 src\TM_lib\tm_stm32f4_spi_dma.o
                0x08001ff4                TM_SPI_DMA_Working
 .text.TM_SPI_DMA_INT_GetSettings
                0x08002044       0x90 src\TM_lib\tm_stm32f4_spi_dma.o
 .text.TM_SPI_Init
                0x080020d4       0xec src\TM_lib\tm_stm32f4_spi.o
                0x080020d4                TM_SPI_Init
 .text.TM_SPI_SetDataSize
                0x080021c0       0x78 src\TM_lib\tm_stm32f4_spi.o
                0x080021c0                TM_SPI_SetDataSize
 .text.TM_SPIx_Init
                0x08002238      0x17c src\TM_lib\tm_stm32f4_spi.o
 .text.TM_SPI1_INT_InitPins
                0x080023b4       0x4c src\TM_lib\tm_stm32f4_spi.o
                0x080023b4                TM_SPI1_INT_InitPins
 .text.TM_SPI2_INT_InitPins
                0x08002400       0x84 src\TM_lib\tm_stm32f4_spi.o
                0x08002400                TM_SPI2_INT_InitPins
 .text.TM_SPI3_INT_InitPins
                0x08002484       0x50 src\TM_lib\tm_stm32f4_spi.o
                0x08002484                TM_SPI3_INT_InitPins
 .text.TM_SPI4_INT_InitPins
                0x080024d4       0x4c src\TM_lib\tm_stm32f4_spi.o
                0x080024d4                TM_SPI4_INT_InitPins
 .text.TM_SPI5_INT_InitPins
                0x08002520       0x64 src\TM_lib\tm_stm32f4_spi.o
                0x08002520                TM_SPI5_INT_InitPins
 .text.TM_SPI6_INT_InitPins
                0x08002584       0x14 src\TM_lib\tm_stm32f4_spi.o
                0x08002584                TM_SPI6_INT_InitPins
 .text.TM_SPI_Send
                0x08002598       0x78 src\TM_lib\tm_stm32f4_ili9341.o
 .text.TM_ILI9341_Init
                0x08002610       0xa8 src\TM_lib\tm_stm32f4_ili9341.o
                0x08002610                TM_ILI9341_Init
 .text.TM_ILI9341_InitLCD
                0x080026b8      0x274 src\TM_lib\tm_stm32f4_ili9341.o
                0x080026b8                TM_ILI9341_InitLCD
 .text.TM_ILI9341_SendCommand
                0x0800292c       0x40 src\TM_lib\tm_stm32f4_ili9341.o
                0x0800292c                TM_ILI9341_SendCommand
 .text.TM_ILI9341_SendData
                0x0800296c       0x40 src\TM_lib\tm_stm32f4_ili9341.o
                0x0800296c                TM_ILI9341_SendData
 .text.TM_ILI9341_DrawPixel
                0x080029ac       0x40 src\TM_lib\tm_stm32f4_ili9341.o
                0x080029ac                TM_ILI9341_DrawPixel
 .text.TM_ILI9341_SetCursorPosition
                0x080029ec       0x80 src\TM_lib\tm_stm32f4_ili9341.o
                0x080029ec                TM_ILI9341_SetCursorPosition
 .text.TM_ILI9341_Fill
                0x08002a6c       0x2c src\TM_lib\tm_stm32f4_ili9341.o
                0x08002a6c                TM_ILI9341_Fill
 .text.TM_ILI9341_INT_Fill
                0x08002a98       0xc4 src\TM_lib\tm_stm32f4_ili9341.o
                0x08002a98                TM_ILI9341_INT_Fill
 .text.TM_ILI9341_Delay
                0x08002b5c       0x20 src\TM_lib\tm_stm32f4_ili9341.o
                0x08002b5c                TM_ILI9341_Delay
 .text.TM_ILI9341_Rotate
                0x08002b7c       0x88 src\TM_lib\tm_stm32f4_ili9341.o
                0x08002b7c                TM_ILI9341_Rotate
 .text.TM_ILI9341_Puts
                0x08002c04       0xb4 src\TM_lib\tm_stm32f4_ili9341.o
                0x08002c04                TM_ILI9341_Puts
 .text.TM_ILI9341_Putc
                0x08002cb8      0x120 src\TM_lib\tm_stm32f4_ili9341.o
                0x08002cb8                TM_ILI9341_Putc
 .text.TM_ILI9341_DrawLine
                0x08002dd8      0x174 src\TM_lib\tm_stm32f4_ili9341.o
                0x08002dd8                TM_ILI9341_DrawLine
 .text.TM_ILI9341_DrawFilledRectangle
                0x08002f4c       0x5c src\TM_lib\tm_stm32f4_ili9341.o
                0x08002f4c                TM_ILI9341_DrawFilledRectangle
 .text.TM_ILI9341_DrawFilledCircle
                0x08002fa8      0x190 src\TM_lib\tm_stm32f4_ili9341.o
                0x08002fa8                TM_ILI9341_DrawFilledCircle
 .text.TM_I2C_Init
                0x08003138      0x138 src\TM_lib\tm_stm32f4_i2c.o
                0x08003138                TM_I2C_Init
 .text.TM_I2C_Read
                0x08003270       0x50 src\TM_lib\tm_stm32f4_i2c.o
                0x08003270                TM_I2C_Read
 .text.TM_I2C_ReadMulti
                0x080032c0       0x88 src\TM_lib\tm_stm32f4_i2c.o
                0x080032c0                TM_I2C_ReadMulti
 .text.TM_I2C_Write
                0x08003348       0x3c src\TM_lib\tm_stm32f4_i2c.o
                0x08003348                TM_I2C_Write
 .text.TM_I2C_Start
                0x08003384      0x100 src\TM_lib\tm_stm32f4_i2c.o
                0x08003384                TM_I2C_Start
 .text.TM_I2C_WriteData
                0x08003484       0x4c src\TM_lib\tm_stm32f4_i2c.o
                0x08003484                TM_I2C_WriteData
 .text.TM_I2C_ReadAck
                0x080034d0       0x60 src\TM_lib\tm_stm32f4_i2c.o
                0x080034d0                TM_I2C_ReadAck
 .text.TM_I2C_ReadNack
                0x08003530       0x70 src\TM_lib\tm_stm32f4_i2c.o
                0x08003530                TM_I2C_ReadNack
 .text.TM_I2C_Stop
                0x080035a0       0x68 src\TM_lib\tm_stm32f4_i2c.o
                0x080035a0                TM_I2C_Stop
 .text.TM_I2C1_INT_InitPins
                0x08003608       0x78 src\TM_lib\tm_stm32f4_i2c.o
                0x08003608                TM_I2C1_INT_InitPins
 .text.TM_I2C2_INT_InitPins
                0x08003680       0x7c src\TM_lib\tm_stm32f4_i2c.o
                0x08003680                TM_I2C2_INT_InitPins
 .text.TM_I2C3_INT_InitPins
                0x080036fc       0x7c src\TM_lib\tm_stm32f4_i2c.o
                0x080036fc                TM_I2C3_INT_InitPins
 .text.TM_GPIO_Init
                0x08003778       0x38 src\TM_lib\tm_stm32f4_gpio.o
                0x08003778                TM_GPIO_Init
 .text.TM_GPIO_InitAlternate
                0x080037b0       0x98 src\TM_lib\tm_stm32f4_gpio.o
                0x080037b0                TM_GPIO_InitAlternate
 .text.TM_GPIO_GetPortSource
                0x08003848       0x24 src\TM_lib\tm_stm32f4_gpio.o
                0x08003848                TM_GPIO_GetPortSource
 .text.TM_GPIO_INT_EnableClock
                0x0800386c       0x2c src\TM_lib\tm_stm32f4_gpio.o
                0x0800386c                TM_GPIO_INT_EnableClock
 .text.TM_GPIO_INT_Init
                0x08003898       0xfc src\TM_lib\tm_stm32f4_gpio.o
                0x08003898                TM_GPIO_INT_Init
 .text.TM_DMA_ClearFlag
                0x08003994       0x8c src\TM_lib\tm_stm32f4_dma.o
                0x08003994                TM_DMA_ClearFlag
 .text.TM_DMA_GetFlags
                0x08003a20       0xa4 src\TM_lib\tm_stm32f4_dma.o
                0x08003a20                TM_DMA_GetFlags
 .text.TM_DMA_TransferCompleteHandler
                0x08003ac4       0x14 src\TM_lib\tm_stm32f4_dma.o
                0x08003ac4                TM_DMA_TransferCompleteHandler
 .text.TM_DMA_HalfTransferCompleteHandler
                0x08003ad8       0x14 src\TM_lib\tm_stm32f4_dma.o
                0x08003ad8                TM_DMA_HalfTransferCompleteHandler
 .text.TM_DMA_TransferErrorHandler
                0x08003aec       0x14 src\TM_lib\tm_stm32f4_dma.o
                0x08003aec                TM_DMA_TransferErrorHandler
 .text.TM_DMA_DirectModeErrorHandler
                0x08003b00       0x14 src\TM_lib\tm_stm32f4_dma.o
                0x08003b00                TM_DMA_DirectModeErrorHandler
 .text.TM_DMA_FIFOErrorHandler
                0x08003b14       0x14 src\TM_lib\tm_stm32f4_dma.o
                0x08003b14                TM_DMA_FIFOErrorHandler
 .text.TM_DMA_INT_ProcessInterrupt
                0x08003b28       0xb0 src\TM_lib\tm_stm32f4_dma.o
 .text.DMA1_Stream0_IRQHandler
                0x08003bd8       0x10 src\TM_lib\tm_stm32f4_dma.o
                0x08003bd8                DMA1_Stream0_IRQHandler
 .text.DMA1_Stream1_IRQHandler
                0x08003be8       0x10 src\TM_lib\tm_stm32f4_dma.o
                0x08003be8                DMA1_Stream1_IRQHandler
 .text.DMA1_Stream3_IRQHandler
                0x08003bf8       0x10 src\TM_lib\tm_stm32f4_dma.o
                0x08003bf8                DMA1_Stream3_IRQHandler
 .text.DMA1_Stream5_IRQHandler
                0x08003c08       0x10 src\TM_lib\tm_stm32f4_dma.o
                0x08003c08                DMA1_Stream5_IRQHandler
 .text.DMA1_Stream6_IRQHandler
                0x08003c18       0x10 src\TM_lib\tm_stm32f4_dma.o
                0x08003c18                DMA1_Stream6_IRQHandler
 .text.DMA1_Stream7_IRQHandler
                0x08003c28       0x10 src\TM_lib\tm_stm32f4_dma.o
                0x08003c28                DMA1_Stream7_IRQHandler
 .text.DMA2_Stream0_IRQHandler
                0x08003c38       0x10 src\TM_lib\tm_stm32f4_dma.o
                0x08003c38                DMA2_Stream0_IRQHandler
 .text.DMA2_Stream1_IRQHandler
                0x08003c48       0x10 src\TM_lib\tm_stm32f4_dma.o
                0x08003c48                DMA2_Stream1_IRQHandler
 .text.DMA2_Stream2_IRQHandler
                0x08003c58       0x10 src\TM_lib\tm_stm32f4_dma.o
                0x08003c58                DMA2_Stream2_IRQHandler
 .text.DMA2_Stream3_IRQHandler
                0x08003c68       0x10 src\TM_lib\tm_stm32f4_dma.o
                0x08003c68                DMA2_Stream3_IRQHandler
 .text.DMA2_Stream4_IRQHandler
                0x08003c78       0x10 src\TM_lib\tm_stm32f4_dma.o
                0x08003c78                DMA2_Stream4_IRQHandler
 .text.DMA2_Stream5_IRQHandler
                0x08003c88       0x10 src\TM_lib\tm_stm32f4_dma.o
                0x08003c88                DMA2_Stream5_IRQHandler
 .text.DMA2_Stream6_IRQHandler
                0x08003c98       0x10 src\TM_lib\tm_stm32f4_dma.o
                0x08003c98                DMA2_Stream6_IRQHandler
 .text.DMA2_Stream7_IRQHandler
                0x08003ca8       0x10 src\TM_lib\tm_stm32f4_dma.o
                0x08003ca8                DMA2_Stream7_IRQHandler
 .text.NVIC_SetPriority
                0x08003cb8       0x54 src\TM_lib\tm_stm32f4_delay.o
 .text.SysTick_Config
                0x08003d0c       0x44 src\TM_lib\tm_stm32f4_delay.o
 .text.SysTick_Handler
                0x08003d50       0xf0 src\TM_lib\tm_stm32f4_delay.o
                0x08003d50                SysTick_Handler
 .text.TM_DELAY_Init
                0x08003e40       0x4c src\TM_lib\tm_stm32f4_delay.o
                0x08003e40                TM_DELAY_Init
 .text.DMA1_Stream4_IRQHandler
                0x08003e8c       0x78 Utilities\STM32F429I-Discovery\stm32f429i_discovery_i2c_ee.o
                0x08003e8c                DMA1_Stream4_IRQHandler
 .text.DMA1_Stream2_IRQHandler
                0x08003f04       0x44 Utilities\STM32F429I-Discovery\stm32f429i_discovery_i2c_ee.o
                0x08003f04                DMA1_Stream2_IRQHandler
 .text.TIM_TimeBaseInit
                0x08003f48       0xd4 Libraries\STM32F4xx_StdPeriph_Driver\src\stm32f4xx_tim.o
                0x08003f48                TIM_TimeBaseInit
 .text.TIM_Cmd  0x0800401c       0x40 Libraries\STM32F4xx_StdPeriph_Driver\src\stm32f4xx_tim.o
                0x0800401c                TIM_Cmd
 .text.TIM_ITConfig
                0x0800405c       0x48 Libraries\STM32F4xx_StdPeriph_Driver\src\stm32f4xx_tim.o
                0x0800405c                TIM_ITConfig
 .text.TIM_GetITStatus
                0x080040a4       0x54 Libraries\STM32F4xx_StdPeriph_Driver\src\stm32f4xx_tim.o
                0x080040a4                TIM_GetITStatus
 .text.TIM_ClearITPendingBit
                0x080040f8       0x20 Libraries\STM32F4xx_StdPeriph_Driver\src\stm32f4xx_tim.o
                0x080040f8                TIM_ClearITPendingBit
 .text.SPI_Init
                0x08004118       0x88 Libraries\STM32F4xx_StdPeriph_Driver\src\stm32f4xx_spi.o
                0x08004118                SPI_Init
 .text.SPI_StructInit
                0x080041a0       0x48 Libraries\STM32F4xx_StdPeriph_Driver\src\stm32f4xx_spi.o
                0x080041a0                SPI_StructInit
 .text.RCC_HSEConfig
                0x080041e8       0x24 Libraries\STM32F4xx_StdPeriph_Driver\src\stm32f4xx_rcc.o
                0x080041e8                RCC_HSEConfig
 .text.RCC_WaitForHSEStartUp
                0x0800420c       0x50 Libraries\STM32F4xx_StdPeriph_Driver\src\stm32f4xx_rcc.o
                0x0800420c                RCC_WaitForHSEStartUp
 .text.RCC_GetClocksFreq
                0x0800425c      0x154 Libraries\STM32F4xx_StdPeriph_Driver\src\stm32f4xx_rcc.o
                0x0800425c                RCC_GetClocksFreq
 .text.RCC_AHB1PeriphClockCmd
                0x080043b0       0x3c Libraries\STM32F4xx_StdPeriph_Driver\src\stm32f4xx_rcc.o
                0x080043b0                RCC_AHB1PeriphClockCmd
 .text.RCC_APB1PeriphClockCmd
                0x080043ec       0x3c Libraries\STM32F4xx_StdPeriph_Driver\src\stm32f4xx_rcc.o
                0x080043ec                RCC_APB1PeriphClockCmd
 .text.RCC_GetFlagStatus
                0x08004428       0x74 Libraries\STM32F4xx_StdPeriph_Driver\src\stm32f4xx_rcc.o
                0x08004428                RCC_GetFlagStatus
 .text.I2C_Init
                0x0800449c      0x184 Libraries\STM32F4xx_StdPeriph_Driver\src\stm32f4xx_i2c.o
                0x0800449c                I2C_Init
 .text.I2C_GenerateSTOP
                0x08004620       0x40 Libraries\STM32F4xx_StdPeriph_Driver\src\stm32f4xx_i2c.o
                0x08004620                I2C_GenerateSTOP
 .text.I2C_CheckEvent
                0x08004660       0x60 Libraries\STM32F4xx_StdPeriph_Driver\src\stm32f4xx_i2c.o
                0x08004660                I2C_CheckEvent
 .text.I2C_GetFlagStatus
                0x080046c0       0x68 Libraries\STM32F4xx_StdPeriph_Driver\src\stm32f4xx_i2c.o
                0x080046c0                I2C_GetFlagStatus
 .text.GPIO_Init
                0x08004728      0x11c Libraries\STM32F4xx_StdPeriph_Driver\src\stm32f4xx_gpio.o
                0x08004728                GPIO_Init
 .text.GPIO_ReadInputDataBit
                0x08004844       0x34 Libraries\STM32F4xx_StdPeriph_Driver\src\stm32f4xx_gpio.o
                0x08004844                GPIO_ReadInputDataBit
 .text.GPIO_SetBits
                0x08004878       0x1c Libraries\STM32F4xx_StdPeriph_Driver\src\stm32f4xx_gpio.o
                0x08004878                GPIO_SetBits
 .text.GPIO_ResetBits
                0x08004894       0x1c Libraries\STM32F4xx_StdPeriph_Driver\src\stm32f4xx_gpio.o
                0x08004894                GPIO_ResetBits
 .text.GPIO_ToggleBits
                0x080048b0       0x24 Libraries\STM32F4xx_StdPeriph_Driver\src\stm32f4xx_gpio.o
                0x080048b0                GPIO_ToggleBits
 .text.DMA_Init
                0x080048d4       0xac Libraries\STM32F4xx_StdPeriph_Driver\src\stm32f4xx_dma.o
                0x080048d4                DMA_Init
 .text.DMA_Cmd  0x08004980       0x38 Libraries\STM32F4xx_StdPeriph_Driver\src\stm32f4xx_dma.o
                0x08004980                DMA_Cmd
 .text.DMA_GetFlagStatus
                0x080049b8       0x78 Libraries\STM32F4xx_StdPeriph_Driver\src\stm32f4xx_dma.o
                0x080049b8                DMA_GetFlagStatus
 .text.DMA_ClearFlag
                0x08004a30       0x5c Libraries\STM32F4xx_StdPeriph_Driver\src\stm32f4xx_dma.o
                0x08004a30                DMA_ClearFlag
 .text.NVIC_Init
                0x08004a8c       0xbc Libraries\STM32F4xx_StdPeriph_Driver\src\misc.o
                0x08004a8c                NVIC_Init
 .text.__libc_init_array
                0x08004b48       0x4c e:/programy/programowanie/truestudio for arm lite 5.3.0/armtools/bin/../lib/gcc/arm-atollic-eabi/4.8.3/../../../../arm-atollic-eabi/lib/armv7e-m/fpu\libc_s.a(lib_a-init.o)
                0x08004b48                __libc_init_array
 *(.glue_7)
 .glue_7        0x00000000        0x0 linker stubs
 *(.glue_7t)
 .glue_7t       0x00000000        0x0 linker stubs
 *(.eh_frame)
 .eh_frame      0x08004b94        0x0 e:/programy/programowanie/truestudio for arm lite 5.3.0/armtools/bin/../lib/gcc/arm-atollic-eabi/4.8.3/armv7e-m/fpu/crtbegin.o
 *(.init)
 .init          0x08004b94        0x4 e:/programy/programowanie/truestudio for arm lite 5.3.0/armtools/bin/../lib/gcc/arm-atollic-eabi/4.8.3/armv7e-m/fpu/crti.o
                0x08004b94                _init
 .init          0x08004b98        0x8 e:/programy/programowanie/truestudio for arm lite 5.3.0/armtools/bin/../lib/gcc/arm-atollic-eabi/4.8.3/armv7e-m/fpu/crtn.o
 *(.fini)
 .fini          0x08004ba0        0x4 e:/programy/programowanie/truestudio for arm lite 5.3.0/armtools/bin/../lib/gcc/arm-atollic-eabi/4.8.3/armv7e-m/fpu/crti.o
                0x08004ba0                _fini
 .fini          0x08004ba4        0x8 e:/programy/programowanie/truestudio for arm lite 5.3.0/armtools/bin/../lib/gcc/arm-atollic-eabi/4.8.3/armv7e-m/fpu/crtn.o
                0x08004bac                . = ALIGN (0x4)
                0x08004bac                _etext = .

.vfp11_veneer   0x08004bac        0x0
 .vfp11_veneer  0x00000000        0x0 linker stubs

.v4_bx          0x08004bac        0x0
 .v4_bx         0x00000000        0x0 linker stubs

.iplt           0x08004bac        0x0
 .iplt          0x00000000        0x0 e:/programy/programowanie/truestudio for arm lite 5.3.0/armtools/bin/../lib/gcc/arm-atollic-eabi/4.8.3/armv7e-m/fpu/crtbegin.o

.rodata         0x08004bac     0x1584
                0x08004bac                . = ALIGN (0x4)
 *(.rodata)
 .rodata        0x08004bac       0x4c src\main.o
 .rodata        0x08004bf8       0x6c src\fun.o
 *(.rodata*)
 .rodata.TM_Font7x10
                0x08004c64      0x76c src\TM_lib\tm_stm32f4_fonts.o
                0x08004c64                TM_Font7x10
 .rodata.TM_Font11x18
                0x080053d0      0xd5c src\TM_lib\tm_stm32f4_fonts.o
                0x080053d0                TM_Font11x18
 .rodata.DMA_Flags_Bit_Pos
                0x0800612c        0x4 src\TM_lib\tm_stm32f4_dma.o
                0x08006130                . = ALIGN (0x4)

.rel.dyn        0x08006130        0x0
 .rel.iplt      0x00000000        0x0 e:/programy/programowanie/truestudio for arm lite 5.3.0/armtools/bin/../lib/gcc/arm-atollic-eabi/4.8.3/armv7e-m/fpu/crtbegin.o

.ARM.extab
 *(.ARM.extab* .gnu.linkonce.armextab.*)

.ARM            0x08006130        0x0
                0x08006130                __exidx_start = .
 *(.ARM.exidx*)
                0x08006130                __exidx_end = .

.preinit_array  0x08006130        0x0
                0x08006130                PROVIDE (__preinit_array_start, .)
 *(.preinit_array*)
                0x08006130                PROVIDE (__preinit_array_end, .)

.init_array     0x08006130        0x4
                0x08006130                PROVIDE (__init_array_start, .)
 *(SORT(.init_array.*))
 *(.init_array*)
 .init_array    0x08006130        0x4 e:/programy/programowanie/truestudio for arm lite 5.3.0/armtools/bin/../lib/gcc/arm-atollic-eabi/4.8.3/armv7e-m/fpu/crtbegin.o
                0x08006134                PROVIDE (__init_array_end, .)

.fini_array     0x08006134        0x4
                0x08006134                PROVIDE (__fini_array_start, .)
 *(SORT(.fini_array.*))
 *(.fini_array*)
 .fini_array    0x08006134        0x4 e:/programy/programowanie/truestudio for arm lite 5.3.0/armtools/bin/../lib/gcc/arm-atollic-eabi/4.8.3/armv7e-m/fpu/crtbegin.o
                0x08006138                PROVIDE (__fini_array_end, .)
                0x08006138                _sidata = LOADADDR (.data)

.data           0x20000000       0x94 load address 0x08006138
                0x20000000                . = ALIGN (0x4)
                0x20000000                _sdata = .
 *(.data)
 *(.data*)
 .data.SystemCoreClock
                0x20000000        0x4 src\system_stm32f4xx.o
                0x20000000                SystemCoreClock
 .data.SPI1_DMA_INT
                0x20000004       0x10 src\TM_lib\tm_stm32f4_spi_dma.o
 .data.SPI2_DMA_INT
                0x20000014       0x10 src\TM_lib\tm_stm32f4_spi_dma.o
 .data.SPI3_DMA_INT
                0x20000024       0x10 src\TM_lib\tm_stm32f4_spi_dma.o
 .data.SPI4_DMA_INT
                0x20000034       0x10 src\TM_lib\tm_stm32f4_spi_dma.o
 .data.SPI5_DMA_INT
                0x20000044       0x10 src\TM_lib\tm_stm32f4_spi_dma.o
 .data.SPI6_DMA_INT
                0x20000054       0x10 src\TM_lib\tm_stm32f4_spi_dma.o
 .data.TM_I2C_INT_Clocks
                0x20000064        0xc src\TM_lib\tm_stm32f4_i2c.o
 .data.TM_Font_7x10
                0x20000070        0x8 src\TM_lib\tm_stm32f4_fonts.o
                0x20000070                TM_Font_7x10
 .data.TM_Font_11x18
                0x20000078        0x8 src\TM_lib\tm_stm32f4_fonts.o
                0x20000078                TM_Font_11x18
 .data.sEETimeout
                0x20000080        0x4 Utilities\STM32F429I-Discovery\stm32f429i_discovery_i2c_ee.o
                0x20000080                sEETimeout
 .data.APBAHBPrescTable
                0x20000084       0x10 Libraries\STM32F4xx_StdPeriph_Driver\src\stm32f4xx_rcc.o
                0x20000094                . = ALIGN (0x4)
                0x20000094                _edata = .
                0x080061cc                _siccmram = LOADADDR (.ccmram)

.igot.plt       0x20000094        0x0 load address 0x080061cc
 .igot.plt      0x00000000        0x0 e:/programy/programowanie/truestudio for arm lite 5.3.0/armtools/bin/../lib/gcc/arm-atollic-eabi/4.8.3/armv7e-m/fpu/crtbegin.o

.ccmram         0x10000000        0x0 load address 0x080061cc
                0x10000000                . = ALIGN (0x4)
                0x10000000                _sccmram = .
 *(.ccmram)
 *(.ccmram*)
                0x10000000                . = ALIGN (0x4)
                0x10000000                _eccmram = .
                0x10000000                . = ALIGN (0x4)

.bss            0x20000094      0x110
                0x20000094                _sbss = .
                0x20000094                __bss_start__ = _sbss
 *(.bss)
 .bss           0x20000094       0x1c e:/programy/programowanie/truestudio for arm lite 5.3.0/armtools/bin/../lib/gcc/arm-atollic-eabi/4.8.3/armv7e-m/fpu/crtbegin.o
 *(.bss*)
 .bss.DMA_InitStruct
                0x200000b0       0x3c src\TM_lib\tm_stm32f4_spi_dma.o
 .bss.SPI_DMA_Dummy16
                0x200000ec        0x2 src\TM_lib\tm_stm32f4_spi_dma.o
                0x200000ec                SPI_DMA_Dummy16
 *fill*         0x200000ee        0x2 
 .bss.TM_I2C_Timeout
                0x200000f0        0x4 src\TM_lib\tm_stm32f4_i2c.o
 .bss.GPIO_UsedPins
                0x200000f4       0x18 src\TM_lib\tm_stm32f4_gpio.o
 .bss.TM_Time   0x2000010c        0x4 src\TM_lib\tm_stm32f4_delay.o
                0x2000010c                TM_Time
 .bss.TM_Time2  0x20000110        0x4 src\TM_lib\tm_stm32f4_delay.o
                0x20000110                TM_Time2
 .bss.TM_DELAY_Initialized
                0x20000114        0x1 src\TM_lib\tm_stm32f4_delay.o
                0x20000114                TM_DELAY_Initialized
 *fill*         0x20000115        0x3 
 .bss.CustomTimers
                0x20000118       0x18 src\TM_lib\tm_stm32f4_delay.o
 *(COMMON)
 COMMON         0x20000130       0x58 src\main.o
                0x20000130                ch3_s
                0x20000134                x_pr
                0x20000138                counter3
                0x2000013c                krok
                0x20000140                ch1_v
                0x20000144                counter1
                0x20000148                ch1_k
                0x2000014c                y_dir
                0x20000150                i
                0x20000154                ch1_s
                0x20000158                num
                0x2000015c                x_dir
                0x20000160                ch2_k
                0x20000164                ch2_v
                0x20000168                ch2_s
                0x2000016c                str
                0x20000178                y_pr
                0x2000017c                ch3_k
                0x20000180                ch3_v
                0x20000184                counter2
 COMMON         0x20000188        0xc src\TM_lib\tm_stm32f4_ili9341.o
                0x20000188                ILI9341_x
                0x2000018c                ILI9341_Opts
                0x20000192                ILI9341_y
 COMMON         0x20000194        0x4 src\TM_lib\tm_stm32f4_delay.o
                0x20000194                mult
 COMMON         0x20000198        0xc Utilities\STM32F429I-Discovery\stm32f429i_discovery_i2c_ee.o
                0x20000198                sEEDataWritePointer
                0x2000019c                sEEDataNum
                0x200001a0                sEEDataReadPointer
                0x200001a4                . = ALIGN (0x4)
                0x200001a4                _ebss = .
                0x200001a4                __bss_end__ = _ebss

._user_heap_stack
                0x200001a4      0x400
                0x200001a4                . = ALIGN (0x4)
                0x200001a4                PROVIDE (end, .)
                0x200001a4                PROVIDE (_end, .)
                0x200001a4                . = (. + _Min_Heap_Size)
                0x200005a4                . = (. + _Min_Stack_Size)
 *fill*         0x200001a4      0x400 
                0x200005a4                . = ALIGN (0x4)

.memory_b1_text
 *(.mb1text)
 *(.mb1text*)
 *(.mb1rodata)
 *(.mb1rodata*)

/DISCARD/
 libc.a(*)
 libm.a(*)
 libgcc.a(*)

.ARM.attributes
                0x00000000       0x30
 *(.ARM.attributes)
 .ARM.attributes
                0x00000000       0x22 e:/programy/programowanie/truestudio for arm lite 5.3.0/armtools/bin/../lib/gcc/arm-atollic-eabi/4.8.3/armv7e-m/fpu/crti.o
 .ARM.attributes
                0x00000022       0x34 e:/programy/programowanie/truestudio for arm lite 5.3.0/armtools/bin/../lib/gcc/arm-atollic-eabi/4.8.3/armv7e-m/fpu/crtbegin.o
 .ARM.attributes
                0x00000056       0x39 src\system_stm32f4xx.o
 .ARM.attributes
                0x0000008f       0x39 src\stm32f4xx_it.o
 .ARM.attributes
                0x000000c8       0x21 src\startup_stm32f429x.o
 .ARM.attributes
                0x000000e9       0x39 src\main.o
 .ARM.attributes
                0x00000122       0x39 src\fun.o
 .ARM.attributes
                0x0000015b       0x39 src\TM_lib\tm_stm32f4_stmpe811.o
 .ARM.attributes
                0x00000194       0x39 src\TM_lib\tm_stm32f4_spi_dma.o
 .ARM.attributes
                0x000001cd       0x39 src\TM_lib\tm_stm32f4_spi.o
 .ARM.attributes
                0x00000206       0x39 src\TM_lib\tm_stm32f4_ili9341.o
 .ARM.attributes
                0x0000023f       0x39 src\TM_lib\tm_stm32f4_i2c.o
 .ARM.attributes
                0x00000278       0x39 src\TM_lib\tm_stm32f4_gpio.o
 .ARM.attributes
                0x000002b1       0x39 src\TM_lib\tm_stm32f4_fonts.o
 .ARM.attributes
                0x000002ea       0x39 src\TM_lib\tm_stm32f4_dma.o
 .ARM.attributes
                0x00000323       0x39 src\TM_lib\tm_stm32f4_delay.o
 .ARM.attributes
                0x0000035c       0x39 Utilities\STM32F429I-Discovery\stm32f429i_discovery_i2c_ee.o
 .ARM.attributes
                0x00000395       0x39 Libraries\STM32F4xx_StdPeriph_Driver\src\stm32f4xx_tim.o
 .ARM.attributes
                0x000003ce       0x39 Libraries\STM32F4xx_StdPeriph_Driver\src\stm32f4xx_spi.o
 .ARM.attributes
                0x00000407       0x39 Libraries\STM32F4xx_StdPeriph_Driver\src\stm32f4xx_rcc.o
 .ARM.attributes
                0x00000440       0x39 Libraries\STM32F4xx_StdPeriph_Driver\src\stm32f4xx_i2c.o
 .ARM.attributes
                0x00000479       0x39 Libraries\STM32F4xx_StdPeriph_Driver\src\stm32f4xx_gpio.o
 .ARM.attributes
                0x000004b2       0x39 Libraries\STM32F4xx_StdPeriph_Driver\src\stm32f4xx_dma.o
 .ARM.attributes
                0x000004eb       0x39 Libraries\STM32F4xx_StdPeriph_Driver\src\misc.o
 .ARM.attributes
                0x00000524       0x34 e:/programy/programowanie/truestudio for arm lite 5.3.0/armtools/bin/../lib/gcc/arm-atollic-eabi/4.8.3/../../../../arm-atollic-eabi/lib/armv7e-m/fpu\libc_s.a(lib_a-init.o)
 .ARM.attributes
                0x00000558       0x22 e:/programy/programowanie/truestudio for arm lite 5.3.0/armtools/bin/../lib/gcc/arm-atollic-eabi/4.8.3/armv7e-m/fpu/crtn.o
OUTPUT(PLOTTER_test.elf elf32-littlearm)

.debug_info     0x00000000     0xc931
 .debug_info    0x00000000      0x5bd src\system_stm32f4xx.o
 .debug_info    0x000005bd      0x122 src\stm32f4xx_it.o
 .debug_info    0x000006df       0x88 src\startup_stm32f429x.o
 .debug_info    0x00000767      0x4be src\main.o
 .debug_info    0x00000c25      0xc2e src\fun.o
 .debug_info    0x00001853      0x60a src\TM_lib\tm_stm32f4_stmpe811.o
 .debug_info    0x00001e5d      0xa34 src\TM_lib\tm_stm32f4_spi_dma.o
 .debug_info    0x00002891      0xc41 src\TM_lib\tm_stm32f4_spi.o
 .debug_info    0x000034d2      0xc36 src\TM_lib\tm_stm32f4_ili9341.o
 .debug_info    0x00004108      0xbc4 src\TM_lib\tm_stm32f4_i2c.o
 .debug_info    0x00004ccc      0x9a4 src\TM_lib\tm_stm32f4_gpio.o
 .debug_info    0x00005670      0x3a3 src\TM_lib\tm_stm32f4_fonts.o
 .debug_info    0x00005a13      0xab7 src\TM_lib\tm_stm32f4_dma.o
 .debug_info    0x000064ca      0xbbc src\TM_lib\tm_stm32f4_delay.o
 .debug_info    0x00007086      0x4fa Utilities\STM32F429I-Discovery\stm32f429i_discovery_i2c_ee.o
 .debug_info    0x00007580     0x1c65 Libraries\STM32F4xx_StdPeriph_Driver\src\stm32f4xx_tim.o
 .debug_info    0x000091e5      0xb25 Libraries\STM32F4xx_StdPeriph_Driver\src\stm32f4xx_spi.o
 .debug_info    0x00009d0a      0xe15 Libraries\STM32F4xx_StdPeriph_Driver\src\stm32f4xx_rcc.o
 .debug_info    0x0000ab1f      0xb8b Libraries\STM32F4xx_StdPeriph_Driver\src\stm32f4xx_i2c.o
 .debug_info    0x0000b6aa      0x609 Libraries\STM32F4xx_StdPeriph_Driver\src\stm32f4xx_gpio.o
 .debug_info    0x0000bcb3      0x73d Libraries\STM32F4xx_StdPeriph_Driver\src\stm32f4xx_dma.o
 .debug_info    0x0000c3f0      0x541 Libraries\STM32F4xx_StdPeriph_Driver\src\misc.o

.debug_abbrev   0x00000000     0x228b
 .debug_abbrev  0x00000000      0x138 src\system_stm32f4xx.o
 .debug_abbrev  0x00000138       0x67 src\stm32f4xx_it.o
 .debug_abbrev  0x0000019f       0x12 src\startup_stm32f429x.o
 .debug_abbrev  0x000001b1      0x1ab src\main.o
 .debug_abbrev  0x0000035c      0x25a src\fun.o
 .debug_abbrev  0x000005b6      0x1fc src\TM_lib\tm_stm32f4_stmpe811.o
 .debug_abbrev  0x000007b2      0x1a2 src\TM_lib\tm_stm32f4_spi_dma.o
 .debug_abbrev  0x00000954      0x208 src\TM_lib\tm_stm32f4_spi.o
 .debug_abbrev  0x00000b5c      0x1c8 src\TM_lib\tm_stm32f4_ili9341.o
 .debug_abbrev  0x00000d24      0x1f2 src\TM_lib\tm_stm32f4_i2c.o
 .debug_abbrev  0x00000f16      0x173 src\TM_lib\tm_stm32f4_gpio.o
 .debug_abbrev  0x00001089      0x103 src\TM_lib\tm_stm32f4_fonts.o
 .debug_abbrev  0x0000118c      0x21d src\TM_lib\tm_stm32f4_dma.o
 .debug_abbrev  0x000013a9      0x2d7 src\TM_lib\tm_stm32f4_delay.o
 .debug_abbrev  0x00001680      0x1b4 Utilities\STM32F429I-Discovery\stm32f429i_discovery_i2c_ee.o
 .debug_abbrev  0x00001834      0x189 Libraries\STM32F4xx_StdPeriph_Driver\src\stm32f4xx_tim.o
 .debug_abbrev  0x000019bd      0x169 Libraries\STM32F4xx_StdPeriph_Driver\src\stm32f4xx_spi.o
 .debug_abbrev  0x00001b26      0x1bc Libraries\STM32F4xx_StdPeriph_Driver\src\stm32f4xx_rcc.o
 .debug_abbrev  0x00001ce2      0x166 Libraries\STM32F4xx_StdPeriph_Driver\src\stm32f4xx_i2c.o
 .debug_abbrev  0x00001e48      0x1a5 Libraries\STM32F4xx_StdPeriph_Driver\src\stm32f4xx_gpio.o
 .debug_abbrev  0x00001fed      0x157 Libraries\STM32F4xx_StdPeriph_Driver\src\stm32f4xx_dma.o
 .debug_abbrev  0x00002144      0x147 Libraries\STM32F4xx_StdPeriph_Driver\src\misc.o

.debug_aranges  0x00000000      0xed8
 .debug_aranges
                0x00000000       0x30 src\system_stm32f4xx.o
 .debug_aranges
                0x00000030       0x58 src\stm32f4xx_it.o
 .debug_aranges
                0x00000088       0x28 src\startup_stm32f429x.o
 .debug_aranges
                0x000000b0       0x28 src\main.o
 .debug_aranges
                0x000000d8       0x80 src\fun.o
 .debug_aranges
                0x00000158       0x48 src\TM_lib\tm_stm32f4_stmpe811.o
 .debug_aranges
                0x000001a0       0x78 src\TM_lib\tm_stm32f4_spi_dma.o
 .debug_aranges
                0x00000218       0xa8 src\TM_lib\tm_stm32f4_spi.o
 .debug_aranges
                0x000002c0       0xc0 src\TM_lib\tm_stm32f4_ili9341.o
 .debug_aranges
                0x00000380       0xa8 src\TM_lib\tm_stm32f4_i2c.o
 .debug_aranges
                0x00000428       0x98 src\TM_lib\tm_stm32f4_gpio.o
 .debug_aranges
                0x000004c0       0x20 src\TM_lib\tm_stm32f4_fonts.o
 .debug_aranges
                0x000004e0       0xe8 src\TM_lib\tm_stm32f4_dma.o
 .debug_aranges
                0x000005c8       0x80 src\TM_lib\tm_stm32f4_delay.o
 .debug_aranges
                0x00000648       0x58 Utilities\STM32F429I-Discovery\stm32f429i_discovery_i2c_ee.o
 .debug_aranges
                0x000006a0      0x2f8 Libraries\STM32F4xx_StdPeriph_Driver\src\stm32f4xx_tim.o
 .debug_aranges
                0x00000998       0xe0 Libraries\STM32F4xx_StdPeriph_Driver\src\stm32f4xx_spi.o
 .debug_aranges
                0x00000a78      0x1b8 Libraries\STM32F4xx_StdPeriph_Driver\src\stm32f4xx_rcc.o
 .debug_aranges
                0x00000c30      0x130 Libraries\STM32F4xx_StdPeriph_Driver\src\stm32f4xx_i2c.o
 .debug_aranges
                0x00000d60       0x88 Libraries\STM32F4xx_StdPeriph_Driver\src\stm32f4xx_gpio.o
 .debug_aranges
                0x00000de8       0xb0 Libraries\STM32F4xx_StdPeriph_Driver\src\stm32f4xx_dma.o
 .debug_aranges
                0x00000e98       0x40 Libraries\STM32F4xx_StdPeriph_Driver\src\misc.o

.debug_ranges   0x00000000      0xd80
 .debug_ranges  0x00000000       0x20 src\system_stm32f4xx.o
 .debug_ranges  0x00000020       0x48 src\stm32f4xx_it.o
 .debug_ranges  0x00000068       0x20 src\startup_stm32f429x.o
 .debug_ranges  0x00000088       0x18 src\main.o
 .debug_ranges  0x000000a0       0x70 src\fun.o
 .debug_ranges  0x00000110       0x38 src\TM_lib\tm_stm32f4_stmpe811.o
 .debug_ranges  0x00000148       0x68 src\TM_lib\tm_stm32f4_spi_dma.o
 .debug_ranges  0x000001b0       0x98 src\TM_lib\tm_stm32f4_spi.o
 .debug_ranges  0x00000248       0xb0 src\TM_lib\tm_stm32f4_ili9341.o
 .debug_ranges  0x000002f8       0x98 src\TM_lib\tm_stm32f4_i2c.o
 .debug_ranges  0x00000390       0x88 src\TM_lib\tm_stm32f4_gpio.o
 .debug_ranges  0x00000418       0x10 src\TM_lib\tm_stm32f4_fonts.o
 .debug_ranges  0x00000428       0xd8 src\TM_lib\tm_stm32f4_dma.o
 .debug_ranges  0x00000500       0x70 src\TM_lib\tm_stm32f4_delay.o
 .debug_ranges  0x00000570       0x48 Utilities\STM32F429I-Discovery\stm32f429i_discovery_i2c_ee.o
 .debug_ranges  0x000005b8      0x2e8 Libraries\STM32F4xx_StdPeriph_Driver\src\stm32f4xx_tim.o
 .debug_ranges  0x000008a0       0xd0 Libraries\STM32F4xx_StdPeriph_Driver\src\stm32f4xx_spi.o
 .debug_ranges  0x00000970      0x1a8 Libraries\STM32F4xx_StdPeriph_Driver\src\stm32f4xx_rcc.o
 .debug_ranges  0x00000b18      0x120 Libraries\STM32F4xx_StdPeriph_Driver\src\stm32f4xx_i2c.o
 .debug_ranges  0x00000c38       0x78 Libraries\STM32F4xx_StdPeriph_Driver\src\stm32f4xx_gpio.o
 .debug_ranges  0x00000cb0       0xa0 Libraries\STM32F4xx_StdPeriph_Driver\src\stm32f4xx_dma.o
 .debug_ranges  0x00000d50       0x30 Libraries\STM32F4xx_StdPeriph_Driver\src\misc.o

.debug_line     0x00000000     0x5498
 .debug_line    0x00000000      0x1f9 src\system_stm32f4xx.o
 .debug_line    0x000001f9      0x1d1 src\stm32f4xx_it.o
 .debug_line    0x000003ca       0x7a src\startup_stm32f429x.o
 .debug_line    0x00000444      0x36e src\main.o
 .debug_line    0x000007b2      0x46c src\fun.o
 .debug_line    0x00000c1e      0x324 src\TM_lib\tm_stm32f4_stmpe811.o
 .debug_line    0x00000f42      0x32b src\TM_lib\tm_stm32f4_spi_dma.o
 .debug_line    0x0000126d      0x4e8 src\TM_lib\tm_stm32f4_spi.o
 .debug_line    0x00001755      0x566 src\TM_lib\tm_stm32f4_ili9341.o
 .debug_line    0x00001cbb      0x41e src\TM_lib\tm_stm32f4_i2c.o
 .debug_line    0x000020d9      0x359 src\TM_lib\tm_stm32f4_gpio.o
 .debug_line    0x00002432      0x184 src\TM_lib\tm_stm32f4_fonts.o
 .debug_line    0x000025b6      0x41b src\TM_lib\tm_stm32f4_dma.o
 .debug_line    0x000029d1      0x357 src\TM_lib\tm_stm32f4_delay.o
 .debug_line    0x00002d28      0x489 Utilities\STM32F429I-Discovery\stm32f429i_discovery_i2c_ee.o
 .debug_line    0x000031b1      0xa52 Libraries\STM32F4xx_StdPeriph_Driver\src\stm32f4xx_tim.o
 .debug_line    0x00003c03      0x448 Libraries\STM32F4xx_StdPeriph_Driver\src\stm32f4xx_spi.o
 .debug_line    0x0000404b      0x62e Libraries\STM32F4xx_StdPeriph_Driver\src\stm32f4xx_rcc.o
 .debug_line    0x00004679      0x4f2 Libraries\STM32F4xx_StdPeriph_Driver\src\stm32f4xx_i2c.o
 .debug_line    0x00004b6b      0x332 Libraries\STM32F4xx_StdPeriph_Driver\src\stm32f4xx_gpio.o
 .debug_line    0x00004e9d      0x3c9 Libraries\STM32F4xx_StdPeriph_Driver\src\stm32f4xx_dma.o
 .debug_line    0x00005266      0x232 Libraries\STM32F4xx_StdPeriph_Driver\src\misc.o

.debug_str      0x00000000     0x42f3
 .debug_str     0x00000000      0x3aa src\system_stm32f4xx.o
                                0x41e (size before relaxing)
 .debug_str     0x000003aa       0x96 src\stm32f4xx_it.o
                                0x244 (size before relaxing)
 .debug_str     0x00000440      0x28f src\main.o
                                0x4a5 (size before relaxing)
 .debug_str     0x000006cf      0x948 src\fun.o
                                0xd9e (size before relaxing)
 .debug_str     0x00001017      0x10e src\TM_lib\tm_stm32f4_stmpe811.o
                                0x573 (size before relaxing)
 .debug_str     0x00001125      0x363 src\TM_lib\tm_stm32f4_spi_dma.o
                                0x6f6 (size before relaxing)
 .debug_str     0x00001488      0x43f src\TM_lib\tm_stm32f4_spi.o
                                0x848 (size before relaxing)
 .debug_str     0x000018c7      0x316 src\TM_lib\tm_stm32f4_ili9341.o
                                0x81d (size before relaxing)
 .debug_str     0x00001bdd      0x24e src\TM_lib\tm_stm32f4_i2c.o
                                0x746 (size before relaxing)
 .debug_str     0x00001e2b      0x1cd src\TM_lib\tm_stm32f4_gpio.o
                                0x691 (size before relaxing)
 .debug_str     0x00001ff8       0x8c src\TM_lib\tm_stm32f4_fonts.o
                                0x321 (size before relaxing)
 .debug_str     0x00002084      0x351 src\TM_lib\tm_stm32f4_dma.o
                                0xbef (size before relaxing)
 .debug_str     0x000023d5      0x21e src\TM_lib\tm_stm32f4_delay.o
                                0xaef (size before relaxing)
 .debug_str     0x000025f3      0x185 Utilities\STM32F429I-Discovery\stm32f429i_discovery_i2c_ee.o
                                0x49a (size before relaxing)
 .debug_str     0x00002778      0xa8c Libraries\STM32F4xx_StdPeriph_Driver\src\stm32f4xx_tim.o
                                0xe49 (size before relaxing)
 .debug_str     0x00003204      0x2e7 Libraries\STM32F4xx_StdPeriph_Driver\src\stm32f4xx_spi.o
                                0x716 (size before relaxing)
 .debug_str     0x000034eb      0x639 Libraries\STM32F4xx_StdPeriph_Driver\src\stm32f4xx_rcc.o
                                0xa16 (size before relaxing)
 .debug_str     0x00003b24      0x354 Libraries\STM32F4xx_StdPeriph_Driver\src\stm32f4xx_i2c.o
                                0x72b (size before relaxing)
 .debug_str     0x00003e78      0x173 Libraries\STM32F4xx_StdPeriph_Driver\src\stm32f4xx_gpio.o
                                0x51c (size before relaxing)
 .debug_str     0x00003feb      0x212 Libraries\STM32F4xx_StdPeriph_Driver\src\stm32f4xx_dma.o
                                0x5bb (size before relaxing)
 .debug_str     0x000041fd       0xf6 Libraries\STM32F4xx_StdPeriph_Driver\src\misc.o
                                0x447 (size before relaxing)

.comment        0x00000000       0x83
 .comment       0x00000000       0x83 src\system_stm32f4xx.o
                                 0x84 (size before relaxing)
 .comment       0x00000000       0x84 src\stm32f4xx_it.o
 .comment       0x00000000       0x84 src\main.o
 .comment       0x00000000       0x84 src\fun.o
 .comment       0x00000000       0x84 src\TM_lib\tm_stm32f4_stmpe811.o
 .comment       0x00000000       0x84 src\TM_lib\tm_stm32f4_spi_dma.o
 .comment       0x00000000       0x84 src\TM_lib\tm_stm32f4_spi.o
 .comment       0x00000000       0x84 src\TM_lib\tm_stm32f4_ili9341.o
 .comment       0x00000000       0x84 src\TM_lib\tm_stm32f4_i2c.o
 .comment       0x00000000       0x84 src\TM_lib\tm_stm32f4_gpio.o
 .comment       0x00000000       0x84 src\TM_lib\tm_stm32f4_fonts.o
 .comment       0x00000000       0x84 src\TM_lib\tm_stm32f4_dma.o
 .comment       0x00000000       0x84 src\TM_lib\tm_stm32f4_delay.o
 .comment       0x00000000       0x84 Utilities\STM32F429I-Discovery\stm32f429i_discovery_i2c_ee.o
 .comment       0x00000000       0x84 Libraries\STM32F4xx_StdPeriph_Driver\src\stm32f4xx_tim.o
 .comment       0x00000000       0x84 Libraries\STM32F4xx_StdPeriph_Driver\src\stm32f4xx_spi.o
 .comment       0x00000000       0x84 Libraries\STM32F4xx_StdPeriph_Driver\src\stm32f4xx_rcc.o
 .comment       0x00000000       0x84 Libraries\STM32F4xx_StdPeriph_Driver\src\stm32f4xx_i2c.o
 .comment       0x00000000       0x84 Libraries\STM32F4xx_StdPeriph_Driver\src\stm32f4xx_gpio.o
 .comment       0x00000000       0x84 Libraries\STM32F4xx_StdPeriph_Driver\src\stm32f4xx_dma.o
 .comment       0x00000000       0x84 Libraries\STM32F4xx_StdPeriph_Driver\src\misc.o

.debug_frame    0x00000000     0x2f60
 .debug_frame   0x00000000       0x64 src\system_stm32f4xx.o
 .debug_frame   0x00000064       0xd0 src\stm32f4xx_it.o
 .debug_frame   0x00000134       0x4c src\main.o
 .debug_frame   0x00000180      0x198 src\fun.o
 .debug_frame   0x00000318       0xcc src\TM_lib\tm_stm32f4_stmpe811.o
 .debug_frame   0x000003e4      0x18c src\TM_lib\tm_stm32f4_spi_dma.o
 .debug_frame   0x00000570      0x230 src\TM_lib\tm_stm32f4_spi.o
 .debug_frame   0x000007a0      0x298 src\TM_lib\tm_stm32f4_ili9341.o
 .debug_frame   0x00000a38      0x248 src\TM_lib\tm_stm32f4_i2c.o
 .debug_frame   0x00000c80      0x1f8 src\TM_lib\tm_stm32f4_gpio.o
 .debug_frame   0x00000e78       0x30 src\TM_lib\tm_stm32f4_fonts.o
 .debug_frame   0x00000ea8      0x2f8 src\TM_lib\tm_stm32f4_dma.o
 .debug_frame   0x000011a0      0x184 src\TM_lib\tm_stm32f4_delay.o
 .debug_frame   0x00001324      0x104 Utilities\STM32F429I-Discovery\stm32f429i_discovery_i2c_ee.o
 .debug_frame   0x00001428      0xa3c Libraries\STM32F4xx_StdPeriph_Driver\src\stm32f4xx_tim.o
 .debug_frame   0x00001e64      0x2d0 Libraries\STM32F4xx_StdPeriph_Driver\src\stm32f4xx_spi.o
 .debug_frame   0x00002134      0x5b8 Libraries\STM32F4xx_StdPeriph_Driver\src\stm32f4xx_rcc.o
 .debug_frame   0x000026ec      0x3ec Libraries\STM32F4xx_StdPeriph_Driver\src\stm32f4xx_i2c.o
 .debug_frame   0x00002ad8      0x19c Libraries\STM32F4xx_StdPeriph_Driver\src\stm32f4xx_gpio.o
 .debug_frame   0x00002c74      0x224 Libraries\STM32F4xx_StdPeriph_Driver\src\stm32f4xx_dma.o
 .debug_frame   0x00002e98       0x9c Libraries\STM32F4xx_StdPeriph_Driver\src\misc.o
 .debug_frame   0x00002f34       0x2c e:/programy/programowanie/truestudio for arm lite 5.3.0/armtools/bin/../lib/gcc/arm-atollic-eabi/4.8.3/../../../../arm-atollic-eabi/lib/armv7e-m/fpu\libc_s.a(lib_a-init.o)

Cross Reference Table

Symbol                                            File
ADC_AnalogWatchdogCmd                             Libraries\STM32F4xx_StdPeriph_Driver\src\stm32f4xx_adc.o
ADC_AnalogWatchdogSingleChannelConfig             Libraries\STM32F4xx_StdPeriph_Driver\src\stm32f4xx_adc.o
ADC_AnalogWatchdogThresholdsConfig                Libraries\STM32F4xx_StdPeriph_Driver\src\stm32f4xx_adc.o
ADC_AutoInjectedConvCmd                           Libraries\STM32F4xx_StdPeriph_Driver\src\stm32f4xx_adc.o
ADC_ClearFlag                                     Libraries\STM32F4xx_StdPeriph_Driver\src\stm32f4xx_adc.o
ADC_ClearITPendingBit                             Libraries\STM32F4xx_StdPeriph_Driver\src\stm32f4xx_adc.o
ADC_Cmd                                           Libraries\STM32F4xx_StdPeriph_Driver\src\stm32f4xx_adc.o
ADC_CommonInit                                    Libraries\STM32F4xx_StdPeriph_Driver\src\stm32f4xx_adc.o
ADC_CommonStructInit                              Libraries\STM32F4xx_StdPeriph_Driver\src\stm32f4xx_adc.o
ADC_ContinuousModeCmd                             Libraries\STM32F4xx_StdPeriph_Driver\src\stm32f4xx_adc.o
ADC_DMACmd                                        Libraries\STM32F4xx_StdPeriph_Driver\src\stm32f4xx_adc.o
ADC_DMARequestAfterLastTransferCmd                Libraries\STM32F4xx_StdPeriph_Driver\src\stm32f4xx_adc.o
ADC_DeInit                                        Libraries\STM32F4xx_StdPeriph_Driver\src\stm32f4xx_adc.o
ADC_DiscModeChannelCountConfig                    Libraries\STM32F4xx_StdPeriph_Driver\src\stm32f4xx_adc.o
ADC_DiscModeCmd                                   Libraries\STM32F4xx_StdPeriph_Driver\src\stm32f4xx_adc.o
ADC_EOCOnEachRegularChannelCmd                    Libraries\STM32F4xx_StdPeriph_Driver\src\stm32f4xx_adc.o
ADC_ExternalTrigInjectedConvConfig                Libraries\STM32F4xx_StdPeriph_Driver\src\stm32f4xx_adc.o
ADC_ExternalTrigInjectedConvEdgeConfig            Libraries\STM32F4xx_StdPeriph_Driver\src\stm32f4xx_adc.o
ADC_GetConversionValue                            Libraries\STM32F4xx_StdPeriph_Driver\src\stm32f4xx_adc.o
ADC_GetFlagStatus                                 Libraries\STM32F4xx_StdPeriph_Driver\src\stm32f4xx_adc.o
ADC_GetITStatus                                   Libraries\STM32F4xx_StdPeriph_Driver\src\stm32f4xx_adc.o
ADC_GetInjectedConversionValue                    Libraries\STM32F4xx_StdPeriph_Driver\src\stm32f4xx_adc.o
ADC_GetMultiModeConversionValue                   Libraries\STM32F4xx_StdPeriph_Driver\src\stm32f4xx_adc.o
ADC_GetSoftwareStartConvStatus                    Libraries\STM32F4xx_StdPeriph_Driver\src\stm32f4xx_adc.o
ADC_GetSoftwareStartInjectedConvCmdStatus         Libraries\STM32F4xx_StdPeriph_Driver\src\stm32f4xx_adc.o
ADC_IRQHandler                                    src\startup_stm32f429x.o
ADC_ITConfig                                      Libraries\STM32F4xx_StdPeriph_Driver\src\stm32f4xx_adc.o
ADC_Init                                          Libraries\STM32F4xx_StdPeriph_Driver\src\stm32f4xx_adc.o
ADC_InjectedChannelConfig                         Libraries\STM32F4xx_StdPeriph_Driver\src\stm32f4xx_adc.o
ADC_InjectedDiscModeCmd                           Libraries\STM32F4xx_StdPeriph_Driver\src\stm32f4xx_adc.o
ADC_InjectedSequencerLengthConfig                 Libraries\STM32F4xx_StdPeriph_Driver\src\stm32f4xx_adc.o
ADC_MultiModeDMARequestAfterLastTransferCmd       Libraries\STM32F4xx_StdPeriph_Driver\src\stm32f4xx_adc.o
ADC_RegularChannelConfig                          Libraries\STM32F4xx_StdPeriph_Driver\src\stm32f4xx_adc.o
ADC_SetInjectedOffset                             Libraries\STM32F4xx_StdPeriph_Driver\src\stm32f4xx_adc.o
ADC_SoftwareStartConv                             Libraries\STM32F4xx_StdPeriph_Driver\src\stm32f4xx_adc.o
ADC_SoftwareStartInjectedConv                     Libraries\STM32F4xx_StdPeriph_Driver\src\stm32f4xx_adc.o
ADC_StructInit                                    Libraries\STM32F4xx_StdPeriph_Driver\src\stm32f4xx_adc.o
ADC_TempSensorVrefintCmd                          Libraries\STM32F4xx_StdPeriph_Driver\src\stm32f4xx_adc.o
ADC_VBATCmd                                       Libraries\STM32F4xx_StdPeriph_Driver\src\stm32f4xx_adc.o
AHBPrescTable                                     src\system_stm32f4xx.o
ASCII12x12_Table                                  Utilities\Common\fonts.o
ASCII16x24_Table                                  Utilities\Common\fonts.o
ASCII8x12_Table                                   Utilities\Common\fonts.o
ASCII8x8_Table                                    Utilities\Common\fonts.o
BUTTON_CLK                                        Utilities\STM32F429I-Discovery\stm32f429i_discovery.o
BUTTON_EXTI_LINE                                  Utilities\STM32F429I-Discovery\stm32f429i_discovery.o
BUTTON_IRQn                                       Utilities\STM32F429I-Discovery\stm32f429i_discovery.o
BUTTON_PIN                                        Utilities\STM32F429I-Discovery\stm32f429i_discovery.o
BUTTON_PIN_SOURCE                                 Utilities\STM32F429I-Discovery\stm32f429i_discovery.o
BUTTON_PORT                                       Utilities\STM32F429I-Discovery\stm32f429i_discovery.o
BUTTON_PORT_SOURCE                                Utilities\STM32F429I-Discovery\stm32f429i_discovery.o
BUTTON_init                                       src\fun.o
                                                  src\main.o
BusFault_Handler                                  src\stm32f4xx_it.o
CAN1_RX0_IRQHandler                               src\startup_stm32f429x.o
CAN1_RX1_IRQHandler                               src\startup_stm32f429x.o
CAN1_SCE_IRQHandler                               src\startup_stm32f429x.o
CAN1_TX_IRQHandler                                src\startup_stm32f429x.o
CAN2_RX0_IRQHandler                               src\startup_stm32f429x.o
CAN2_RX1_IRQHandler                               src\startup_stm32f429x.o
CAN2_SCE_IRQHandler                               src\startup_stm32f429x.o
CAN2_TX_IRQHandler                                src\startup_stm32f429x.o
CAN_CancelTransmit                                Libraries\STM32F4xx_StdPeriph_Driver\src\stm32f4xx_can.o
CAN_ClearFlag                                     Libraries\STM32F4xx_StdPeriph_Driver\src\stm32f4xx_can.o
CAN_ClearITPendingBit                             Libraries\STM32F4xx_StdPeriph_Driver\src\stm32f4xx_can.o
CAN_DBGFreeze                                     Libraries\STM32F4xx_StdPeriph_Driver\src\stm32f4xx_can.o
CAN_DeInit                                        Libraries\STM32F4xx_StdPeriph_Driver\src\stm32f4xx_can.o
CAN_FIFORelease                                   Libraries\STM32F4xx_StdPeriph_Driver\src\stm32f4xx_can.o
CAN_FilterInit                                    Libraries\STM32F4xx_StdPeriph_Driver\src\stm32f4xx_can.o
CAN_GetFlagStatus                                 Libraries\STM32F4xx_StdPeriph_Driver\src\stm32f4xx_can.o
CAN_GetITStatus                                   Libraries\STM32F4xx_StdPeriph_Driver\src\stm32f4xx_can.o
CAN_GetLSBTransmitErrorCounter                    Libraries\STM32F4xx_StdPeriph_Driver\src\stm32f4xx_can.o
CAN_GetLastErrorCode                              Libraries\STM32F4xx_StdPeriph_Driver\src\stm32f4xx_can.o
CAN_GetReceiveErrorCounter                        Libraries\STM32F4xx_StdPeriph_Driver\src\stm32f4xx_can.o
CAN_ITConfig                                      Libraries\STM32F4xx_StdPeriph_Driver\src\stm32f4xx_can.o
CAN_Init                                          Libraries\STM32F4xx_StdPeriph_Driver\src\stm32f4xx_can.o
CAN_MessagePending                                Libraries\STM32F4xx_StdPeriph_Driver\src\stm32f4xx_can.o
CAN_OperatingModeRequest                          Libraries\STM32F4xx_StdPeriph_Driver\src\stm32f4xx_can.o
CAN_Receive                                       Libraries\STM32F4xx_StdPeriph_Driver\src\stm32f4xx_can.o
CAN_SlaveStartBank                                Libraries\STM32F4xx_StdPeriph_Driver\src\stm32f4xx_can.o
CAN_Sleep                                         Libraries\STM32F4xx_StdPeriph_Driver\src\stm32f4xx_can.o
CAN_StructInit                                    Libraries\STM32F4xx_StdPeriph_Driver\src\stm32f4xx_can.o
CAN_TTComModeCmd                                  Libraries\STM32F4xx_StdPeriph_Driver\src\stm32f4xx_can.o
CAN_Transmit                                      Libraries\STM32F4xx_StdPeriph_Driver\src\stm32f4xx_can.o
CAN_TransmitStatus                                Libraries\STM32F4xx_StdPeriph_Driver\src\stm32f4xx_can.o
CAN_WakeUp                                        Libraries\STM32F4xx_StdPeriph_Driver\src\stm32f4xx_can.o
CRC_CalcBlockCRC                                  Libraries\STM32F4xx_StdPeriph_Driver\src\stm32f4xx_crc.o
CRC_CalcCRC                                       Libraries\STM32F4xx_StdPeriph_Driver\src\stm32f4xx_crc.o
CRC_GetCRC                                        Libraries\STM32F4xx_StdPeriph_Driver\src\stm32f4xx_crc.o
CRC_GetIDRegister                                 Libraries\STM32F4xx_StdPeriph_Driver\src\stm32f4xx_crc.o
CRC_ResetDR                                       Libraries\STM32F4xx_StdPeriph_Driver\src\stm32f4xx_crc.o
CRC_SetIDRegister                                 Libraries\STM32F4xx_StdPeriph_Driver\src\stm32f4xx_crc.o
CRYP_AES_CBC                                      Libraries\STM32F4xx_StdPeriph_Driver\src\stm32f4xx_cryp_aes.o
CRYP_AES_CCM                                      Libraries\STM32F4xx_StdPeriph_Driver\src\stm32f4xx_cryp_aes.o
CRYP_AES_CTR                                      Libraries\STM32F4xx_StdPeriph_Driver\src\stm32f4xx_cryp_aes.o
CRYP_AES_ECB                                      Libraries\STM32F4xx_StdPeriph_Driver\src\stm32f4xx_cryp_aes.o
CRYP_AES_GCM                                      Libraries\STM32F4xx_StdPeriph_Driver\src\stm32f4xx_cryp_aes.o
CRYP_Cmd                                          Libraries\STM32F4xx_StdPeriph_Driver\src\stm32f4xx_cryp.o
                                                  Libraries\STM32F4xx_StdPeriph_Driver\src\stm32f4xx_cryp_aes.o
                                                  Libraries\STM32F4xx_StdPeriph_Driver\src\stm32f4xx_cryp_des.o
                                                  Libraries\STM32F4xx_StdPeriph_Driver\src\stm32f4xx_cryp_tdes.o
CRYP_DES_CBC                                      Libraries\STM32F4xx_StdPeriph_Driver\src\stm32f4xx_cryp_des.o
CRYP_DES_ECB                                      Libraries\STM32F4xx_StdPeriph_Driver\src\stm32f4xx_cryp_des.o
CRYP_DMACmd                                       Libraries\STM32F4xx_StdPeriph_Driver\src\stm32f4xx_cryp.o
CRYP_DataIn                                       Libraries\STM32F4xx_StdPeriph_Driver\src\stm32f4xx_cryp.o
                                                  Libraries\STM32F4xx_StdPeriph_Driver\src\stm32f4xx_cryp_aes.o
                                                  Libraries\STM32F4xx_StdPeriph_Driver\src\stm32f4xx_cryp_des.o
                                                  Libraries\STM32F4xx_StdPeriph_Driver\src\stm32f4xx_cryp_tdes.o
CRYP_DataOut                                      Libraries\STM32F4xx_StdPeriph_Driver\src\stm32f4xx_cryp.o
                                                  Libraries\STM32F4xx_StdPeriph_Driver\src\stm32f4xx_cryp_aes.o
                                                  Libraries\STM32F4xx_StdPeriph_Driver\src\stm32f4xx_cryp_des.o
                                                  Libraries\STM32F4xx_StdPeriph_Driver\src\stm32f4xx_cryp_tdes.o
CRYP_DeInit                                       Libraries\STM32F4xx_StdPeriph_Driver\src\stm32f4xx_cryp.o
CRYP_FIFOFlush                                    Libraries\STM32F4xx_StdPeriph_Driver\src\stm32f4xx_cryp.o
                                                  Libraries\STM32F4xx_StdPeriph_Driver\src\stm32f4xx_cryp_aes.o
                                                  Libraries\STM32F4xx_StdPeriph_Driver\src\stm32f4xx_cryp_des.o
                                                  Libraries\STM32F4xx_StdPeriph_Driver\src\stm32f4xx_cryp_tdes.o
CRYP_GetCmdStatus                                 Libraries\STM32F4xx_StdPeriph_Driver\src\stm32f4xx_cryp.o
                                                  Libraries\STM32F4xx_StdPeriph_Driver\src\stm32f4xx_cryp_aes.o
                                                  Libraries\STM32F4xx_StdPeriph_Driver\src\stm32f4xx_cryp_des.o
                                                  Libraries\STM32F4xx_StdPeriph_Driver\src\stm32f4xx_cryp_tdes.o
CRYP_GetFlagStatus                                Libraries\STM32F4xx_StdPeriph_Driver\src\stm32f4xx_cryp.o
                                                  Libraries\STM32F4xx_StdPeriph_Driver\src\stm32f4xx_cryp_aes.o
                                                  Libraries\STM32F4xx_StdPeriph_Driver\src\stm32f4xx_cryp_des.o
                                                  Libraries\STM32F4xx_StdPeriph_Driver\src\stm32f4xx_cryp_tdes.o
CRYP_GetITStatus                                  Libraries\STM32F4xx_StdPeriph_Driver\src\stm32f4xx_cryp.o
CRYP_IRQHandler                                   src\startup_stm32f429x.o
CRYP_ITConfig                                     Libraries\STM32F4xx_StdPeriph_Driver\src\stm32f4xx_cryp.o
CRYP_IVInit                                       Libraries\STM32F4xx_StdPeriph_Driver\src\stm32f4xx_cryp.o
                                                  Libraries\STM32F4xx_StdPeriph_Driver\src\stm32f4xx_cryp_aes.o
                                                  Libraries\STM32F4xx_StdPeriph_Driver\src\stm32f4xx_cryp_des.o
                                                  Libraries\STM32F4xx_StdPeriph_Driver\src\stm32f4xx_cryp_tdes.o
CRYP_IVStructInit                                 Libraries\STM32F4xx_StdPeriph_Driver\src\stm32f4xx_cryp.o
CRYP_Init                                         Libraries\STM32F4xx_StdPeriph_Driver\src\stm32f4xx_cryp.o
                                                  Libraries\STM32F4xx_StdPeriph_Driver\src\stm32f4xx_cryp_aes.o
                                                  Libraries\STM32F4xx_StdPeriph_Driver\src\stm32f4xx_cryp_des.o
                                                  Libraries\STM32F4xx_StdPeriph_Driver\src\stm32f4xx_cryp_tdes.o
CRYP_KeyInit                                      Libraries\STM32F4xx_StdPeriph_Driver\src\stm32f4xx_cryp.o
                                                  Libraries\STM32F4xx_StdPeriph_Driver\src\stm32f4xx_cryp_aes.o
                                                  Libraries\STM32F4xx_StdPeriph_Driver\src\stm32f4xx_cryp_des.o
                                                  Libraries\STM32F4xx_StdPeriph_Driver\src\stm32f4xx_cryp_tdes.o
CRYP_KeyStructInit                                Libraries\STM32F4xx_StdPeriph_Driver\src\stm32f4xx_cryp.o
                                                  Libraries\STM32F4xx_StdPeriph_Driver\src\stm32f4xx_cryp_aes.o
                                                  Libraries\STM32F4xx_StdPeriph_Driver\src\stm32f4xx_cryp_des.o
                                                  Libraries\STM32F4xx_StdPeriph_Driver\src\stm32f4xx_cryp_tdes.o
CRYP_PhaseConfig                                  Libraries\STM32F4xx_StdPeriph_Driver\src\stm32f4xx_cryp.o
                                                  Libraries\STM32F4xx_StdPeriph_Driver\src\stm32f4xx_cryp_aes.o
CRYP_RestoreContext                               Libraries\STM32F4xx_StdPeriph_Driver\src\stm32f4xx_cryp.o
CRYP_SaveContext                                  Libraries\STM32F4xx_StdPeriph_Driver\src\stm32f4xx_cryp.o
CRYP_StructInit                                   Libraries\STM32F4xx_StdPeriph_Driver\src\stm32f4xx_cryp.o
CRYP_TDES_CBC                                     Libraries\STM32F4xx_StdPeriph_Driver\src\stm32f4xx_cryp_tdes.o
CRYP_TDES_ECB                                     Libraries\STM32F4xx_StdPeriph_Driver\src\stm32f4xx_cryp_tdes.o
DAC_ClearFlag                                     Libraries\STM32F4xx_StdPeriph_Driver\src\stm32f4xx_dac.o
DAC_ClearITPendingBit                             Libraries\STM32F4xx_StdPeriph_Driver\src\stm32f4xx_dac.o
DAC_Cmd                                           Libraries\STM32F4xx_StdPeriph_Driver\src\stm32f4xx_dac.o
DAC_DMACmd                                        Libraries\STM32F4xx_StdPeriph_Driver\src\stm32f4xx_dac.o
DAC_DeInit                                        Libraries\STM32F4xx_StdPeriph_Driver\src\stm32f4xx_dac.o
DAC_DualSoftwareTriggerCmd                        Libraries\STM32F4xx_StdPeriph_Driver\src\stm32f4xx_dac.o
DAC_GetDataOutputValue                            Libraries\STM32F4xx_StdPeriph_Driver\src\stm32f4xx_dac.o
DAC_GetFlagStatus                                 Libraries\STM32F4xx_StdPeriph_Driver\src\stm32f4xx_dac.o
DAC_GetITStatus                                   Libraries\STM32F4xx_StdPeriph_Driver\src\stm32f4xx_dac.o
DAC_ITConfig                                      Libraries\STM32F4xx_StdPeriph_Driver\src\stm32f4xx_dac.o
DAC_Init                                          Libraries\STM32F4xx_StdPeriph_Driver\src\stm32f4xx_dac.o
DAC_SetChannel1Data                               Libraries\STM32F4xx_StdPeriph_Driver\src\stm32f4xx_dac.o
DAC_SetChannel2Data                               Libraries\STM32F4xx_StdPeriph_Driver\src\stm32f4xx_dac.o
DAC_SetDualChannelData                            Libraries\STM32F4xx_StdPeriph_Driver\src\stm32f4xx_dac.o
DAC_SoftwareTriggerCmd                            Libraries\STM32F4xx_StdPeriph_Driver\src\stm32f4xx_dac.o
DAC_StructInit                                    Libraries\STM32F4xx_StdPeriph_Driver\src\stm32f4xx_dac.o
DAC_WaveGenerationCmd                             Libraries\STM32F4xx_StdPeriph_Driver\src\stm32f4xx_dac.o
DBGMCU_APB1PeriphConfig                           Libraries\STM32F4xx_StdPeriph_Driver\src\stm32f4xx_dbgmcu.o
DBGMCU_APB2PeriphConfig                           Libraries\STM32F4xx_StdPeriph_Driver\src\stm32f4xx_dbgmcu.o
DBGMCU_Config                                     Libraries\STM32F4xx_StdPeriph_Driver\src\stm32f4xx_dbgmcu.o
DBGMCU_GetDEVID                                   Libraries\STM32F4xx_StdPeriph_Driver\src\stm32f4xx_dbgmcu.o
DBGMCU_GetREVID                                   Libraries\STM32F4xx_StdPeriph_Driver\src\stm32f4xx_dbgmcu.o
DCMI_CROPCmd                                      Libraries\STM32F4xx_StdPeriph_Driver\src\stm32f4xx_dcmi.o
DCMI_CROPConfig                                   Libraries\STM32F4xx_StdPeriph_Driver\src\stm32f4xx_dcmi.o
DCMI_CaptureCmd                                   Libraries\STM32F4xx_StdPeriph_Driver\src\stm32f4xx_dcmi.o
DCMI_ClearFlag                                    Libraries\STM32F4xx_StdPeriph_Driver\src\stm32f4xx_dcmi.o
DCMI_ClearITPendingBit                            Libraries\STM32F4xx_StdPeriph_Driver\src\stm32f4xx_dcmi.o
DCMI_Cmd                                          Libraries\STM32F4xx_StdPeriph_Driver\src\stm32f4xx_dcmi.o
DCMI_DeInit                                       Libraries\STM32F4xx_StdPeriph_Driver\src\stm32f4xx_dcmi.o
DCMI_GetFlagStatus                                Libraries\STM32F4xx_StdPeriph_Driver\src\stm32f4xx_dcmi.o
DCMI_GetITStatus                                  Libraries\STM32F4xx_StdPeriph_Driver\src\stm32f4xx_dcmi.o
DCMI_IRQHandler                                   src\startup_stm32f429x.o
DCMI_ITConfig                                     Libraries\STM32F4xx_StdPeriph_Driver\src\stm32f4xx_dcmi.o
DCMI_Init                                         Libraries\STM32F4xx_StdPeriph_Driver\src\stm32f4xx_dcmi.o
DCMI_JPEGCmd                                      Libraries\STM32F4xx_StdPeriph_Driver\src\stm32f4xx_dcmi.o
DCMI_ReadData                                     Libraries\STM32F4xx_StdPeriph_Driver\src\stm32f4xx_dcmi.o
DCMI_SetEmbeddedSynchroCodes                      Libraries\STM32F4xx_StdPeriph_Driver\src\stm32f4xx_dcmi.o
DCMI_StructInit                                   Libraries\STM32F4xx_StdPeriph_Driver\src\stm32f4xx_dcmi.o
DMA1_Stream0_IRQHandler                           src\TM_lib\tm_stm32f4_dma.o
                                                  src\startup_stm32f429x.o
DMA1_Stream1_IRQHandler                           src\TM_lib\tm_stm32f4_dma.o
                                                  src\startup_stm32f429x.o
DMA1_Stream2_IRQHandler                           Utilities\STM32F429I-Discovery\stm32f429i_discovery_i2c_ee.o
                                                  src\startup_stm32f429x.o
DMA1_Stream3_IRQHandler                           src\TM_lib\tm_stm32f4_dma.o
                                                  src\startup_stm32f429x.o
DMA1_Stream4_IRQHandler                           Utilities\STM32F429I-Discovery\stm32f429i_discovery_i2c_ee.o
                                                  src\startup_stm32f429x.o
DMA1_Stream5_IRQHandler                           src\TM_lib\tm_stm32f4_dma.o
                                                  src\startup_stm32f429x.o
DMA1_Stream6_IRQHandler                           src\TM_lib\tm_stm32f4_dma.o
                                                  src\startup_stm32f429x.o
DMA1_Stream7_IRQHandler                           src\TM_lib\tm_stm32f4_dma.o
                                                  src\startup_stm32f429x.o
DMA2D_AbortTransfer                               Libraries\STM32F4xx_StdPeriph_Driver\src\stm32f4xx_dma2d.o
DMA2D_BGConfig                                    Libraries\STM32F4xx_StdPeriph_Driver\src\stm32f4xx_dma2d.o
DMA2D_BGStart                                     Libraries\STM32F4xx_StdPeriph_Driver\src\stm32f4xx_dma2d.o
DMA2D_BG_StructInit                               Libraries\STM32F4xx_StdPeriph_Driver\src\stm32f4xx_dma2d.o
DMA2D_ClearFlag                                   Libraries\STM32F4xx_StdPeriph_Driver\src\stm32f4xx_dma2d.o
DMA2D_ClearITPendingBit                           Libraries\STM32F4xx_StdPeriph_Driver\src\stm32f4xx_dma2d.o
DMA2D_DeInit                                      Libraries\STM32F4xx_StdPeriph_Driver\src\stm32f4xx_dma2d.o
                                                  Utilities\STM32F429I-Discovery\stm32f429i_discovery_lcd.o
DMA2D_DeadTimeConfig                              Libraries\STM32F4xx_StdPeriph_Driver\src\stm32f4xx_dma2d.o
DMA2D_FGConfig                                    Libraries\STM32F4xx_StdPeriph_Driver\src\stm32f4xx_dma2d.o
DMA2D_FGStart                                     Libraries\STM32F4xx_StdPeriph_Driver\src\stm32f4xx_dma2d.o
DMA2D_FG_StructInit                               Libraries\STM32F4xx_StdPeriph_Driver\src\stm32f4xx_dma2d.o
DMA2D_GetFlagStatus                               Libraries\STM32F4xx_StdPeriph_Driver\src\stm32f4xx_dma2d.o
                                                  Utilities\STM32F429I-Discovery\stm32f429i_discovery_lcd.o
DMA2D_GetITStatus                                 Libraries\STM32F4xx_StdPeriph_Driver\src\stm32f4xx_dma2d.o
DMA2D_IRQHandler                                  src\startup_stm32f429x.o
DMA2D_ITConfig                                    Libraries\STM32F4xx_StdPeriph_Driver\src\stm32f4xx_dma2d.o
DMA2D_Init                                        Libraries\STM32F4xx_StdPeriph_Driver\src\stm32f4xx_dma2d.o
                                                  Utilities\STM32F429I-Discovery\stm32f429i_discovery_lcd.o
DMA2D_LineWatermarkConfig                         Libraries\STM32F4xx_StdPeriph_Driver\src\stm32f4xx_dma2d.o
DMA2D_StartTransfer                               Libraries\STM32F4xx_StdPeriph_Driver\src\stm32f4xx_dma2d.o
                                                  Utilities\STM32F429I-Discovery\stm32f429i_discovery_lcd.o
DMA2D_StructInit                                  Libraries\STM32F4xx_StdPeriph_Driver\src\stm32f4xx_dma2d.o
DMA2D_Suspend                                     Libraries\STM32F4xx_StdPeriph_Driver\src\stm32f4xx_dma2d.o
DMA2_Stream0_IRQHandler                           src\TM_lib\tm_stm32f4_dma.o
                                                  src\startup_stm32f429x.o
DMA2_Stream1_IRQHandler                           src\TM_lib\tm_stm32f4_dma.o
                                                  src\startup_stm32f429x.o
DMA2_Stream2_IRQHandler                           src\TM_lib\tm_stm32f4_dma.o
                                                  src\startup_stm32f429x.o
DMA2_Stream3_IRQHandler                           src\TM_lib\tm_stm32f4_dma.o
                                                  src\startup_stm32f429x.o
DMA2_Stream4_IRQHandler                           src\TM_lib\tm_stm32f4_dma.o
                                                  src\startup_stm32f429x.o
DMA2_Stream5_IRQHandler                           src\TM_lib\tm_stm32f4_dma.o
                                                  src\startup_stm32f429x.o
DMA2_Stream6_IRQHandler                           src\TM_lib\tm_stm32f4_dma.o
                                                  src\startup_stm32f429x.o
DMA2_Stream7_IRQHandler                           src\TM_lib\tm_stm32f4_dma.o
                                                  src\startup_stm32f429x.o
DMA_ClearFlag                                     Libraries\STM32F4xx_StdPeriph_Driver\src\stm32f4xx_dma.o
                                                  Utilities\STM32F429I-Discovery\stm32f429i_discovery.o
                                                  Utilities\STM32F429I-Discovery\stm32f429i_discovery_i2c_ee.o
                                                  Utilities\STM32F429I-Discovery\stm32f429i_discovery_ioe.o
DMA_ClearITPendingBit                             Libraries\STM32F4xx_StdPeriph_Driver\src\stm32f4xx_dma.o
DMA_Cmd                                           Libraries\STM32F4xx_StdPeriph_Driver\src\stm32f4xx_dma.o
                                                  Utilities\STM32F429I-Discovery\stm32f429i_discovery.o
                                                  Utilities\STM32F429I-Discovery\stm32f429i_discovery_i2c_ee.o
                                                  Utilities\STM32F429I-Discovery\stm32f429i_discovery_ioe.o
DMA_DeInit                                        Libraries\STM32F4xx_StdPeriph_Driver\src\stm32f4xx_dma.o
                                                  Utilities\STM32F429I-Discovery\stm32f429i_discovery.o
                                                  Utilities\STM32F429I-Discovery\stm32f429i_discovery_ioe.o
                                                  src\TM_lib\tm_stm32f4_spi_dma.o
DMA_DoubleBufferModeCmd                           Libraries\STM32F4xx_StdPeriph_Driver\src\stm32f4xx_dma.o
DMA_DoubleBufferModeConfig                        Libraries\STM32F4xx_StdPeriph_Driver\src\stm32f4xx_dma.o
DMA_FlowControllerConfig                          Libraries\STM32F4xx_StdPeriph_Driver\src\stm32f4xx_dma.o
DMA_GetCmdStatus                                  Libraries\STM32F4xx_StdPeriph_Driver\src\stm32f4xx_dma.o
DMA_GetCurrDataCounter                            Libraries\STM32F4xx_StdPeriph_Driver\src\stm32f4xx_dma.o
DMA_GetCurrentMemoryTarget                        Libraries\STM32F4xx_StdPeriph_Driver\src\stm32f4xx_dma.o
DMA_GetFIFOStatus                                 Libraries\STM32F4xx_StdPeriph_Driver\src\stm32f4xx_dma.o
DMA_GetFlagStatus                                 Libraries\STM32F4xx_StdPeriph_Driver\src\stm32f4xx_dma.o
                                                  Utilities\STM32F429I-Discovery\stm32f429i_discovery_i2c_ee.o
                                                  Utilities\STM32F429I-Discovery\stm32f429i_discovery_ioe.o
DMA_GetITStatus                                   Libraries\STM32F4xx_StdPeriph_Driver\src\stm32f4xx_dma.o
DMA_ITConfig                                      Libraries\STM32F4xx_StdPeriph_Driver\src\stm32f4xx_dma.o
                                                  Utilities\STM32F429I-Discovery\stm32f429i_discovery.o
DMA_Init                                          Libraries\STM32F4xx_StdPeriph_Driver\src\stm32f4xx_dma.o
                                                  Utilities\STM32F429I-Discovery\stm32f429i_discovery.o
                                                  Utilities\STM32F429I-Discovery\stm32f429i_discovery_ioe.o
                                                  src\TM_lib\tm_stm32f4_spi_dma.o
DMA_MemoryTargetConfig                            Libraries\STM32F4xx_StdPeriph_Driver\src\stm32f4xx_dma.o
DMA_PeriphIncOffsetSizeConfig                     Libraries\STM32F4xx_StdPeriph_Driver\src\stm32f4xx_dma.o
DMA_SetCurrDataCounter                            Libraries\STM32F4xx_StdPeriph_Driver\src\stm32f4xx_dma.o
DMA_StructInit                                    Libraries\STM32F4xx_StdPeriph_Driver\src\stm32f4xx_dma.o
DebugMon_Handler                                  src\stm32f4xx_it.o
Default_Handler                                   src\startup_stm32f429x.o
ETH_IRQHandler                                    src\startup_stm32f429x.o
ETH_WKUP_IRQHandler                               src\startup_stm32f429x.o
EXTI0_IRQHandler                                  src\startup_stm32f429x.o
EXTI15_10_IRQHandler                              src\startup_stm32f429x.o
EXTI1_IRQHandler                                  src\startup_stm32f429x.o
EXTI2_IRQHandler                                  src\startup_stm32f429x.o
EXTI3_IRQHandler                                  src\startup_stm32f429x.o
EXTI4_IRQHandler                                  src\startup_stm32f429x.o
EXTI9_5_IRQHandler                                src\startup_stm32f429x.o
EXTI_ClearFlag                                    Libraries\STM32F4xx_StdPeriph_Driver\src\stm32f4xx_exti.o
EXTI_ClearITPendingBit                            Libraries\STM32F4xx_StdPeriph_Driver\src\stm32f4xx_exti.o
EXTI_DeInit                                       Libraries\STM32F4xx_StdPeriph_Driver\src\stm32f4xx_exti.o
EXTI_GenerateSWInterrupt                          Libraries\STM32F4xx_StdPeriph_Driver\src\stm32f4xx_exti.o
EXTI_GetFlagStatus                                Libraries\STM32F4xx_StdPeriph_Driver\src\stm32f4xx_exti.o
EXTI_GetITStatus                                  Libraries\STM32F4xx_StdPeriph_Driver\src\stm32f4xx_exti.o
EXTI_Init                                         Libraries\STM32F4xx_StdPeriph_Driver\src\stm32f4xx_exti.o
                                                  Utilities\STM32F429I-Discovery\stm32f429i_discovery.o
EXTI_StructInit                                   Libraries\STM32F4xx_StdPeriph_Driver\src\stm32f4xx_exti.o
FLASH_ClearFlag                                   Libraries\STM32F4xx_StdPeriph_Driver\src\stm32f4xx_flash.o
FLASH_DataCacheCmd                                Libraries\STM32F4xx_StdPeriph_Driver\src\stm32f4xx_flash.o
FLASH_DataCacheReset                              Libraries\STM32F4xx_StdPeriph_Driver\src\stm32f4xx_flash.o
FLASH_EraseAllBank1Sectors                        Libraries\STM32F4xx_StdPeriph_Driver\src\stm32f4xx_flash.o
FLASH_EraseAllBank2Sectors                        Libraries\STM32F4xx_StdPeriph_Driver\src\stm32f4xx_flash.o
FLASH_EraseAllSectors                             Libraries\STM32F4xx_StdPeriph_Driver\src\stm32f4xx_flash.o
FLASH_EraseSector                                 Libraries\STM32F4xx_StdPeriph_Driver\src\stm32f4xx_flash.o
FLASH_GetFlagStatus                               Libraries\STM32F4xx_StdPeriph_Driver\src\stm32f4xx_flash.o
FLASH_GetStatus                                   Libraries\STM32F4xx_StdPeriph_Driver\src\stm32f4xx_flash.o
FLASH_IRQHandler                                  src\startup_stm32f429x.o
FLASH_ITConfig                                    Libraries\STM32F4xx_StdPeriph_Driver\src\stm32f4xx_flash.o
FLASH_InstructionCacheCmd                         Libraries\STM32F4xx_StdPeriph_Driver\src\stm32f4xx_flash.o
FLASH_InstructionCacheReset                       Libraries\STM32F4xx_StdPeriph_Driver\src\stm32f4xx_flash.o
FLASH_Lock                                        Libraries\STM32F4xx_StdPeriph_Driver\src\stm32f4xx_flash.o
FLASH_OB_BORConfig                                Libraries\STM32F4xx_StdPeriph_Driver\src\stm32f4xx_flash.o
FLASH_OB_BootConfig                               Libraries\STM32F4xx_StdPeriph_Driver\src\stm32f4xx_flash.o
FLASH_OB_GetBOR                                   Libraries\STM32F4xx_StdPeriph_Driver\src\stm32f4xx_flash.o
FLASH_OB_GetPCROP                                 Libraries\STM32F4xx_StdPeriph_Driver\src\stm32f4xx_flash.o
FLASH_OB_GetPCROP1                                Libraries\STM32F4xx_StdPeriph_Driver\src\stm32f4xx_flash.o
FLASH_OB_GetRDP                                   Libraries\STM32F4xx_StdPeriph_Driver\src\stm32f4xx_flash.o
FLASH_OB_GetUser                                  Libraries\STM32F4xx_StdPeriph_Driver\src\stm32f4xx_flash.o
FLASH_OB_GetWRP                                   Libraries\STM32F4xx_StdPeriph_Driver\src\stm32f4xx_flash.o
FLASH_OB_GetWRP1                                  Libraries\STM32F4xx_StdPeriph_Driver\src\stm32f4xx_flash.o
FLASH_OB_Launch                                   Libraries\STM32F4xx_StdPeriph_Driver\src\stm32f4xx_flash.o
FLASH_OB_Lock                                     Libraries\STM32F4xx_StdPeriph_Driver\src\stm32f4xx_flash.o
FLASH_OB_PCROP1Config                             Libraries\STM32F4xx_StdPeriph_Driver\src\stm32f4xx_flash.o
FLASH_OB_PCROPConfig                              Libraries\STM32F4xx_StdPeriph_Driver\src\stm32f4xx_flash.o
FLASH_OB_PCROPSelectionConfig                     Libraries\STM32F4xx_StdPeriph_Driver\src\stm32f4xx_flash.o
FLASH_OB_RDPConfig                                Libraries\STM32F4xx_StdPeriph_Driver\src\stm32f4xx_flash.o
FLASH_OB_Unlock                                   Libraries\STM32F4xx_StdPeriph_Driver\src\stm32f4xx_flash.o
FLASH_OB_UserConfig                               Libraries\STM32F4xx_StdPeriph_Driver\src\stm32f4xx_flash.o
FLASH_OB_WRP1Config                               Libraries\STM32F4xx_StdPeriph_Driver\src\stm32f4xx_flash.o
FLASH_OB_WRPConfig                                Libraries\STM32F4xx_StdPeriph_Driver\src\stm32f4xx_flash.o
FLASH_PrefetchBufferCmd                           Libraries\STM32F4xx_StdPeriph_Driver\src\stm32f4xx_flash.o
FLASH_ProgramByte                                 Libraries\STM32F4xx_StdPeriph_Driver\src\stm32f4xx_flash.o
FLASH_ProgramDoubleWord                           Libraries\STM32F4xx_StdPeriph_Driver\src\stm32f4xx_flash.o
FLASH_ProgramHalfWord                             Libraries\STM32F4xx_StdPeriph_Driver\src\stm32f4xx_flash.o
FLASH_ProgramWord                                 Libraries\STM32F4xx_StdPeriph_Driver\src\stm32f4xx_flash.o
FLASH_SetLatency                                  Libraries\STM32F4xx_StdPeriph_Driver\src\stm32f4xx_flash.o
FLASH_Unlock                                      Libraries\STM32F4xx_StdPeriph_Driver\src\stm32f4xx_flash.o
FLASH_WaitForLastOperation                        Libraries\STM32F4xx_StdPeriph_Driver\src\stm32f4xx_flash.o
FMC_ClearFlag                                     Libraries\STM32F4xx_StdPeriph_Driver\src\stm32f4xx_fmc.o
FMC_ClearITPendingBit                             Libraries\STM32F4xx_StdPeriph_Driver\src\stm32f4xx_fmc.o
FMC_GetECC                                        Libraries\STM32F4xx_StdPeriph_Driver\src\stm32f4xx_fmc.o
FMC_GetFlagStatus                                 Libraries\STM32F4xx_StdPeriph_Driver\src\stm32f4xx_fmc.o
                                                  Utilities\STM32F429I-Discovery\stm32f429i_discovery_sdram.o
FMC_GetITStatus                                   Libraries\STM32F4xx_StdPeriph_Driver\src\stm32f4xx_fmc.o
FMC_GetModeStatus                                 Libraries\STM32F4xx_StdPeriph_Driver\src\stm32f4xx_fmc.o
FMC_IRQHandler                                    src\startup_stm32f429x.o
FMC_ITConfig                                      Libraries\STM32F4xx_StdPeriph_Driver\src\stm32f4xx_fmc.o
FMC_NANDCmd                                       Libraries\STM32F4xx_StdPeriph_Driver\src\stm32f4xx_fmc.o
FMC_NANDDeInit                                    Libraries\STM32F4xx_StdPeriph_Driver\src\stm32f4xx_fmc.o
FMC_NANDECCCmd                                    Libraries\STM32F4xx_StdPeriph_Driver\src\stm32f4xx_fmc.o
FMC_NANDInit                                      Libraries\STM32F4xx_StdPeriph_Driver\src\stm32f4xx_fmc.o
FMC_NANDStructInit                                Libraries\STM32F4xx_StdPeriph_Driver\src\stm32f4xx_fmc.o
FMC_NORSRAMCmd                                    Libraries\STM32F4xx_StdPeriph_Driver\src\stm32f4xx_fmc.o
FMC_NORSRAMDeInit                                 Libraries\STM32F4xx_StdPeriph_Driver\src\stm32f4xx_fmc.o
FMC_NORSRAMInit                                   Libraries\STM32F4xx_StdPeriph_Driver\src\stm32f4xx_fmc.o
FMC_NORSRAMStructInit                             Libraries\STM32F4xx_StdPeriph_Driver\src\stm32f4xx_fmc.o